06-12 01:37:47.468  5178  5214 D CompatibilityChangeReporter: Compat change id reported: 183155436; UID 10121; state: ENABLED
06-12 01:37:47.470  5114  5114 W Settings: Setting download_manager_recommended_max_bytes_over_mobile has moved from android.provider.Settings.Secure to android.provider.Settings.Global.
06-12 01:37:47.474  5114  5114 I Finsky  : [2] SettingNotFoundException, fall through to G.downloadBytesOverMobileRecommended
06-12 01:37:47.482   579  2731 D CompatibilityChangeReporter: Compat change id reported: 161145287; UID 10121; state: ENABLED
06-12 01:37:47.489  1775  5221 I Auth    : (REDACTED) [SupervisedAccountIntentOperation] onHandleIntent: %s
06-12 01:37:47.493  1775  5217 W AppInstallOperation: FDL Migration::InstallIntentOperation by FDL Module [CONTEXT service_id=77 ]
06-12 01:37:47.494  1775  5219 I FraudProtectUtils: (REDACTED) Latest bank app list size: %d, %s isBankApp: %b
06-12 01:37:47.495  5178  5178 I lwk     : SslGuard completed installation.
06-12 01:37:47.496  1775  5219 I PackageInstalledIntentO: (REDACTED) Package %s is not a bank app. Skipping updates.
06-12 01:37:47.500  1775  1775 D BoundBrokerSvc: onBind: Intent { act=com.google.android.gms.common.BIND_SHARED_PREFS pkg=com.google.android.gms }
06-12 01:37:47.500  1775  1775 D BoundBrokerSvc: Loading bound service for intent: Intent { act=com.google.android.gms.common.BIND_SHARED_PREFS pkg=com.google.android.gms }
06-12 01:37:47.501   579  1904 I ActivityManager: Flag disabled. Ignoring finishAttachApplication from uid: 10121. pid: 5178
06-12 01:37:47.504  5114  5114 I Finsky  : [2] Resetting scheduler db
06-12 01:37:47.509  5114  5201 I Finsky  : [49] Enqueuing libraries load for 0
06-12 01:37:47.523  5114  5229 I Finsky  : [61] Starting libraries load for 0
06-12 01:37:47.523  1775  5217 I NearbyDiscovery: (REDACTED) processGrantSlicePermission: %s
06-12 01:37:47.524   579  1920 D CompatibilityChangeReporter: Compat change id reported: 161252188; UID 10195; state: DISABLED
06-12 01:37:47.552  5114  5229 I Finsky  : [61] Finished loading 0 libraries.
06-12 01:37:47.578  1775  5221 W SQLiteLog: (28) double-quoted string literal: "com.my.forintern"
06-12 01:37:47.585  5114  5114 I Finsky  : [2] DTU: Received onPackageAdded, replacing: true
06-12 01:37:47.590  5114  5222 I Finsky  : [58] SCH: Scheduling phonesky job Id: 1-1337, CT: 1781187356978, Constraints: [{ L: 42209048, D: 85409048, C: CHARGING_NONE, I: IDLE_NONE, N: NET_ANY, B: BATTERY_ANY }]
06-12 01:37:47.590  5114  5222 I Finsky  : [58] SCH: Scheduling phonesky job Id: 10-79, CT: 1781187355924, Constraints: [{ L: 0, D: 86400000, C: CHARGING_NONE, I: IDLE_REQUIRED, N: NET_ANY, B: BATTERY_ANY }]
06-12 01:37:47.590  5114  5222 I Finsky  : [58] SCH: Scheduling phonesky job Id: 10-168, CT: 1781187355924, Constraints: [{ L: 0, D: 86400000, C: CHARGING_NONE, I: IDLE_REQUIRED, N: NET_ANY, B: BATTERY_ANY }]
06-12 01:37:47.590  5114  5222 I Finsky  : [58] SCH: Scheduling phonesky job Id: 24-77777777, CT: 1781159475443, Constraints: [{ L: 1, D: 82800000, C: CHARGING_NONE, I: IDLE_REQUIRED, N: NET_NONE, B: BATTERY_ANY }]
06-12 01:37:47.590  5114  5222 I Finsky  : [58] SCH: Scheduling phonesky job Id: 26-1414141414, CT: 1781204192787, Constraints: [{ L: 43199996, D: 44099996, C: CHARGING_NONE, I: IDLE_NONE, N: NET_NONE, B: BATTERY_ANY }]
06-12 01:37:47.590  5114  5222 I Finsky  : [58] SCH: Scheduling phonesky job Id: 44-1027, CT: 1781159475386, Constraints: [{ L: 0, D: 86400000, C: CHARGING_NONE, I: IDLE_REQUIRED, N: NET_NONE, B: BATTERY_NOT_LOW }]
06-12 01:37:47.597  5114  5200 I Finsky  : [48] RECEIVER_PACKAGE_MONITOR#logWorkEndAndFinishGoAsync: SUCCESS
06-12 01:37:47.615  5114  5199 I Finsky  : [47] Device is eligible for platform Cronet and will attempt to use it.
06-12 01:37:47.621  5114  5200 I Finsky  : [48] Subscription detail: DataSubscriptionInfo{groupIdLevel1=null, serviceProviderName=[Zr1R7g28S8p7iucp_gnNJJtsRl-pgO3Y6eIkCh24Iy0], simCarrierId=1}
06-12 01:37:47.622  5114  5114 I Finsky  : [2] onSubscriptionsChanged
06-12 01:37:47.634   579  1920 D ActivityManager: sync unfroze 1924 com.google.process.gapps for 7
06-12 01:37:47.636   579  1904 D CompatibilityChangeReporter: Compat change id reported: 261072174; UID 10121; state: ENABLED
06-12 01:37:47.653  5114  5198 I Finsky  : [46] RECEIVER_SINGLE_USER_SETTINGS#logWorkEndAndFinishGoAsync: SUCCESS
06-12 01:37:47.654  5114  5201 I Finsky  : [49] ApplicationRestrictions: {}
06-12 01:37:47.663   579   998 D ConnectivityService: requestNetwork for uid/pid:10130/5114 activeRequest: null callbackRequest: 169 [NetworkRequest [ REQUEST id=170, [ Capabilities: INTERNET&NOT_RESTRICTED&TRUSTED&NOT_VCN_MANAGED Uid: 10130 RequestorUid: 10130 RequestorPkg: com.android.vending UnderlyingNetworks: Null] ]] callback flags: 0 order: 2147483647
06-12 01:37:47.664   579   741 D ConnectivityService: NetReassign [170 : null → 101] [c 0] [a 1] [i 0]
06-12 01:37:47.664   579   734 D WifiNetworkFactory: got request NetworkRequest [ REQUEST id=170, [ Capabilities: INTERNET&NOT_RESTRICTED&TRUSTED&NOT_VCN_MANAGED Uid: 10130 RequestorUid: 10130 RequestorPkg: com.android.vending UnderlyingNetworks: Null] ]
06-12 01:37:47.665   579   734 D UntrustedWifiNetworkFactory: got request NetworkRequest [ REQUEST id=170, [ Capabilities: INTERNET&NOT_RESTRICTED&TRUSTED&NOT_VCN_MANAGED Uid: 10130 RequestorUid: 10130 RequestorPkg: com.android.vending UnderlyingNetworks: Null] ]
06-12 01:37:47.665   579   734 D OemPaidWifiNetworkFactory: got request NetworkRequest [ REQUEST id=170, [ Capabilities: INTERNET&NOT_RESTRICTED&TRUSTED&NOT_VCN_MANAGED Uid: 10130 RequestorUid: 10130 RequestorPkg: com.android.vending UnderlyingNetworks: Null] ]
06-12 01:37:47.665   579   734 D MultiInternetWifiNetworkFactory: got request NetworkRequest [ REQUEST id=170, [ Capabilities: INTERNET&NOT_RESTRICTED&TRUSTED&NOT_VCN_MANAGED Uid: 10130 RequestorUid: 10130 RequestorPkg: com.android.vending UnderlyingNetworks: Null] ]
06-12 01:37:47.667   579   741 D ConnectivityService: NetReassign [no changes] [c 0] [a 0] [i 1]
06-12 01:37:47.672  5114  5199 I cr_CronetLibraryLoader: Cronet version: 114.0.5735.84, arch: x86_64
06-12 01:37:47.676  5178  5214 W DynamiteModule: Local module descriptor class for com.google.android.gms.googlecertificates not found.
06-12 01:37:47.681  5114  5222 I Finsky  : [58] SCH: Scheduling 0 system job(s)
06-12 01:37:47.683  5154  5154 D nativeloader: Configuring clns-6 for other apk /data/app/~~ccFqzwYxj5W3xcURRO8l4A==/com.my.forintern-6MEHospkHl8rOi3dFtH1yA==/base.apk. target_sdk_version=37, uses_libraries=, library_path=/data/app/~~ccFqzwYxj5W3xcURRO8l4A==/com.my.forintern-6MEHospkHl8rOi3dFtH1yA==/lib/x86_64:/data/app/~~ccFqzwYxj5W3xcURRO8l4A==/com.my.forintern-6MEHospkHl8rOi3dFtH1yA==/base.apk!/lib/x86_64, permitted_path=/data:/mnt/expand:/data/user/0/com.my.forintern
06-12 01:37:47.687  5114  5229 I Finsky  : [61] CronetEngine is present. Using Cronet for the networking stack.
06-12 01:37:47.689  5114  5225 I Finsky  : [59] CronetEngine is present. Using Cronet for the networking stack.
06-12 01:37:47.698  5114  5260 I Finsky  : [70] SCH: Received scheduling request: Id: 12-1, Constraints: [{ L: 15000, D: 86400000, C: CHARGING_NONE, I: IDLE_NONE, N: NET_ANY, B: BATTERY_ANY }]
06-12 01:37:47.702  1775  5006 I Icing   : IndexChimeraService.getServiceInterface callingPackage=com.google.android.gms componentName=AppsCorpus serviceId=36
06-12 01:37:47.710  5178  5214 W .apps.wellbeing: ClassLoaderContext classpath size mismatch. expected=17, found=0 (DLC[];PCL[base.apk*1335322299:base.apk!classes2.dex*2354330015:base.apk!classes3.dex*3401914794:base.apk!classes4.dex*1458704107:base.apk!classes5.dex*4267721593:base.apk!classes6.dex*1376702623:base.apk!classes7.dex*568149621:base.apk!classes8.dex*1875226709:base.apk!classes9.dex*1823086273:base.apk!classes10.dex*2796360206:base.apk!classes11.dex*3326575449:base.apk!classes12.dex*104581171:base.apk!classes13.dex*1414277586:base.apk!classes14.dex*3982165844:base.apk!classes15.dex*3953227987:base.apk!classes16.dex*4268550189:base.apk!classes17.dex*2900616498]{PCL[/system/framework/org.apache.http.legacy.jar*365604908]#PCL[/system/framework/com.android.location.provider.jar*3994156536]#PCL[/system/framework/com.android.media.remotedisplay.jar*2114713713]#PCL[/system_ext/framework/androidx.window.extensions.jar*3801209684]#PCL[/system_ext/framework/androidx.window.sidecar.jar*2709203797]} | DLC[];PCL[])
06-12 01:37:47.715  5114  5291 I Finsky  : [81] Initializing pausers from value store.
06-12 01:37:47.716  5178  5214 I DynamiteModule: Considering local module com.google.android.gms.googlecertificates:0 and remote module com.google.android.gms.googlecertificates:7
06-12 01:37:47.716  5178  5214 I DynamiteModule: Selected remote version of com.google.android.gms.googlecertificates, version >= 7
06-12 01:37:47.716  5154  5154 V GraphicsEnvironment: Currently set values for:
06-12 01:37:47.717  5154  5154 V GraphicsEnvironment:   angle_gl_driver_selection_pkgs=[]
06-12 01:37:47.717  5154  5154 V GraphicsEnvironment:   angle_gl_driver_selection_values=[]
06-12 01:37:47.717  5154  5154 V GraphicsEnvironment: ANGLE GameManagerService for com.my.forintern: false
06-12 01:37:47.717  5154  5154 V GraphicsEnvironment: com.my.forintern is not listed in per-application setting
06-12 01:37:47.717  5154  5154 V GraphicsEnvironment: Neither updatable production driver nor prerelease driver is supported.
06-12 01:37:47.720  5114  5201 D TrafficStats: tagSocket(109) with statsTag=0xffffffff, statsUid=-1
06-12 01:37:47.720  5178  5214 W System  : ClassLoader referenced unknown path: 
06-12 01:37:47.730  5114  5291 I Finsky  : [81] IQ::HLD: Callers (Pausers) in PauseUpdatesCallersValueStore: []
06-12 01:37:47.735  5178  5214 D nativeloader: Configuring clns-7 for other apk . target_sdk_version=37, uses_libraries=, library_path=/data/app/~~RRr6Wm1tWhr5-uhD2yCF8w==/com.google.android.gms-rI5xARQx0HcCtAL_L30bew==/lib/x86_64:/data/app/~~RRr6Wm1tWhr5-uhD2yCF8w==/com.google.android.gms-rI5xARQx0HcCtAL_L30bew==/base.apk!/lib/x86_64, permitted_path=/data:/mnt/expand:/data/user/0/com.google.android.gms
06-12 01:37:47.742  5178  5214 W .apps.wellbeing: ClassLoaderContext classpath size mismatch. expected=17, found=3 (DLC[];PCL[base.apk*1335322299:base.apk!classes2.dex*2354330015:base.apk!classes3.dex*3401914794:base.apk!classes4.dex*1458704107:base.apk!classes5.dex*4267721593:base.apk!classes6.dex*1376702623:base.apk!classes7.dex*568149621:base.apk!classes8.dex*1875226709:base.apk!classes9.dex*1823086273:base.apk!classes10.dex*2796360206:base.apk!classes11.dex*3326575449:base.apk!classes12.dex*104581171:base.apk!classes13.dex*1414277586:base.apk!classes14.dex*3982165844:base.apk!classes15.dex*3953227987:base.apk!classes16.dex*4268550189:base.apk!classes17.dex*2900616498]{PCL[/system/framework/org.apache.http.legacy.jar*365604908]#PCL[/system/framework/com.android.location.provider.jar*3994156536]#PCL[/system/framework/com.android.media.remotedisplay.jar*2114713713]#PCL[/system_ext/framework/androidx.window.extensions.jar*3801209684]#PCL[/system_ext/framework/androidx.window.sidecar.jar*2709203797]} | DLC[];PCL[/data/app/~~nKB1fn7QQBR9iKSjAP6D-g==/com.google.android.apps.wellbeing-bfl1n3bef_Tn9OnNI1fxRQ==/base.apk*3141020758:/data/app/~~nKB1fn7QQBR9iKSjAP6D-g==/com.google.android.apps.wellbeing-bfl1n3bef_Tn9OnNI1fxRQ==/base.apk!classes2.dex*1340874234:/data/app/~~nKB1fn7QQBR9iKSjAP6D-g==/com.google.android.apps.wellbeing-bfl1n3bef_Tn9OnNI1fxRQ==/base.apk!classes3.dex*2493488809]{PCL[/system_ext/framework/androidx.window.extensions.jar*3801209684]#PCL[/system_ext/framework/androidx.window.sidecar.jar*2709203797]})
06-12 01:37:47.743  5154  5154 D CompatibilityChangeReporter: Compat change id reported: 183155436; UID 10195; state: ENABLED
06-12 01:37:47.758  5154  5154 D FirebaseSessions: Dependency to CRASHLYTICS added.
06-12 01:37:47.761  3769  3769 I Endpoint: Created gRPC endpoint for service class com.google.frameworks.client.data.android.server.play.BackgroundProcessEndpointService
06-12 01:37:47.763  1328  1328 D BoundBrokerSvc: onUnbind: Intent { act=com.google.android.gms.common.telemetry.service.START dat=chimera-action:/... cmp=com.google.android.gms/.chimera.PersistentApiService }
06-12 01:37:47.769  5154  5154 I FirebaseApp: Device unlocked: initializing all Firebase APIs for app [DEFAULT]
06-12 01:37:47.779  5154  5154 D CompatibilityChangeReporter: Compat change id reported: 3400644; UID 10195; state: ENABLED
06-12 01:37:47.780  5154  5154 I FirebaseCrashlytics: Initializing Firebase Crashlytics 20.0.6 for com.my.forintern
06-12 01:37:47.799  5114  5200 D CompatibilityChangeReporter: Compat change id reported: 160794467; UID 10130; state: ENABLED
06-12 01:37:47.803  1542  1542 I AiAiEcho: AppFetcherImpl onPackageChanged com.my.forintern.
06-12 01:37:47.804  5114  5198 I Finsky  : [46] SysUA: Disable SystemUpdateActivity, because no login account
06-12 01:37:47.807  5114  5222 I Finsky  : [58] SysCUA: Set {com.android.vending/com.google.android.finsky.systemcomponentupdateui.common.SystemComponentUpdateActivity} enabled state to 0
06-12 01:37:47.807  5114  5225 I Finsky  : [59] Set UnhibernateActivity enabled state to 1
06-12 01:37:47.808  5114  5222 I Finsky  : [58] SysUA: Set SystemUpdateActivity enabled state to 2
06-12 01:37:47.813   579  1596 D SafetySourceDataValidator: Package com.android.vending has expected signature
06-12 01:37:47.813   579  1596 D SafetySourceDataValidator: Package com.android.vending has expected signature
06-12 01:37:47.815  1328  1328 D BoundBrokerSvc: onUnbind: Intent { act=com.google.android.gms.scheduler.ACTION_PROXY_SCHEDULE dat=chimera-action:/... cmp=com.google.android.gms/.chimera.PersistentDirectBootAwareApiService }
06-12 01:37:47.816  1775  1775 D BoundBrokerSvc: onUnbind: Intent { act=com.google.android.gms.checkin.START pkg=com.google.android.gms }
06-12 01:37:47.818  5114  5319 I Finsky  : [99] SM: There are no stale sessions to be pruned
06-12 01:37:47.819  5114  5114 D CompatibilityChangeReporter: Compat change id reported: 263076149; UID 10130; state: ENABLED
06-12 01:37:47.820  5114  5114 I Finsky  : [2] Connecting InstallListener to SplitInstallService broadcaster...
06-12 01:37:47.825  1542  5317 I AiAiEcho: AppIndexer Package:[com.my.forintern] UserProfile:[0] Enabled:[true].
06-12 01:37:47.825  1542  5317 I AiAiEcho: AppFetcherImplV2 updateApps package:[com.my.forintern], userId:[0], reason:[package is updated.].
06-12 01:37:47.826  1775  2351 I Icing   : IndexChimeraService.getServiceInterface callingPackage=com.google.android.gms componentName=null serviceId=30
06-12 01:37:47.836  1775  1775 D BoundBrokerSvc: onUnbind: Intent { act=com.google.android.gms.safetynet.service.START dat=chimera-action:/... cmp=com.google.android.gms/.chimera.GmsBoundBrokerService }
06-12 01:37:47.848  1775  2217 I Icing   : Usage reports ok 1, Failed Usage reports 0, indexed 0, rejected 0
06-12 01:37:47.853  5154  5154 D FirebaseSessions: Subscriber CRASHLYTICS registered.
06-12 01:37:47.884  1775  2217 I Icing   : Usage reports ok 0, Failed Usage reports 0, indexed 0, rejected 0
06-12 01:37:47.897  1775  2217 I Icing   : Indexing com.google.android.gms-apps from com.google.android.gms
06-12 01:37:47.900   579  1904 W PackageManager: Cannot suspend package "com.android.vending": required for package verification
06-12 01:37:47.900   579  1904 W PackageManager: Cannot suspend the platform package: android
06-12 01:37:47.900   579  1904 W PackageManager: Cannot suspend package "com.google.android.permissioncontroller": required for permissions management
06-12 01:37:47.901   579  1904 W PackageManager: Cannot suspend package "com.google.android.devicelockcontroller": protected package
06-12 01:37:47.901   579  1904 W PackageManager: Cannot suspend package "com.google.android.dialer": is the default dialer
06-12 01:37:47.901   579  1904 W PackageManager: Cannot suspend package "com.google.android.packageinstaller": required for package installation
06-12 01:37:47.901   579  1904 W PackageManager: Cannot suspend package "com.google.android.apps.nexuslauncher": contains the active launcher
06-12 01:37:47.912  5154  5325 W om.my.forintern: ClassLoaderContext classpath size mismatch. expected=17, found=0 (DLC[];PCL[base.apk*1335322299:base.apk!classes2.dex*2354330015:base.apk!classes3.dex*3401914794:base.apk!classes4.dex*1458704107:base.apk!classes5.dex*4267721593:base.apk!classes6.dex*1376702623:base.apk!classes7.dex*568149621:base.apk!classes8.dex*1875226709:base.apk!classes9.dex*1823086273:base.apk!classes10.dex*2796360206:base.apk!classes11.dex*3326575449:base.apk!classes12.dex*104581171:base.apk!classes13.dex*1414277586:base.apk!classes14.dex*3982165844:base.apk!classes15.dex*3953227987:base.apk!classes16.dex*4268550189:base.apk!classes17.dex*2900616498]{PCL[/system/framework/org.apache.http.legacy.jar*365604908]#PCL[/system/framework/com.android.location.provider.jar*3994156536]#PCL[/system/framework/com.android.media.remotedisplay.jar*2114713713]#PCL[/system_ext/framework/androidx.window.extensions.jar*3801209684]#PCL[/system_ext/framework/androidx.window.sidecar.jar*2709203797]} | DLC[];PCL[])
06-12 01:37:47.913   579  1904 I AppsFilter: interaction: PackageSetting{60a45ac com.my.forintern/10195} -> PackageSetting{23e0073 com.android.cts.priv.ctsshim/10169} BLOCKED
06-12 01:37:47.913   579  1904 I AppsFilter: interaction: PackageSetting{60a45ac com.my.forintern/10195} -> PackageSetting{47b6b30 com.google.android.youtube/10139} BLOCKED
06-12 01:37:47.913   579  1904 I AppsFilter: interaction: PackageSetting{60a45ac com.my.forintern/10195} -> PackageSetting{a5573a9 com.android.internal.display.cutout.emulation.corner/10049} BLOCKED
06-12 01:37:47.913   579  1904 I AppsFilter: interaction: PackageSetting{60a45ac com.my.forintern/10195} -> PackageSetting{d55ed2e com.android.internal.display.cutout.emulation.double/10059} BLOCKED
06-12 01:37:47.913   579  1904 I AppsFilter: interaction: PackageSetting{60a45ac com.my.forintern/10195} -> PackageSetting{b6e30cf com.google.android.googlequicksearchbox/10132} BLOCKED
06-12 01:37:47.913   579  1904 I AppsFilter: interaction: PackageSetting{60a45ac com.my.forintern/10195} -> PackageSetting{fe40a5c com.google.android.onetimeinitializer/10118} BLOCKED
06-12 01:37:47.913   579  1904 I AppsFilter: interaction: PackageSetting{60a45ac com.my.forintern/10195} -> PackageSetting{e68a165 com.google.android.ext.shared/10108} BLOCKED
06-12 01:37:47.913   579  1904 I AppsFilter: interaction: PackageSetting{60a45ac com.my.forintern/10195} -> PackageSetting{cd7ae3a com.android.internal.systemui.navbar.gestural_wide_back/10040} BLOCKED
06-12 01:37:47.913   579  1904 I AppsFilter: interaction: PackageSetting{60a45ac com.my.forintern/10195} -> PackageSetting{9c70aeb com.android.virtualmachine.res/10171} BLOCKED
06-12 01:37:47.913   579  1904 I AppsFilter: interaction: PackageSetting{60a45ac com.my.forintern/10195} -> PackageSetting{bd57048 com.google.android.federatedcompute/10176} BLOCKED
06-12 01:37:47.913   579  1904 I AppsFilter: interaction: PackageSetting{60a45ac com.my.forintern/10195} -> PackageSetting{1c6eee1 com.android.managedprovisioning.auto_generated_rro_product__/10033} BLOCKED
06-12 01:37:47.913   579  1904 I AppsFilter: interaction: PackageSetting{60a45ac com.my.forintern/10195} -> PackageSetting{1827406 com.android.carrierconfig.auto_generated_rro_vendor__/10076} BLOCKED
06-12 01:37:47.913   579  1904 I AppsFilter: interaction: PackageSetting{60a45ac com.my.forintern/10195} -> PackageSetting{6896ac7 com.android.systemui.emulation.pixel_3_xl/10066} BLOCKED
06-12 01:37:47.913   579  1904 I AppsFilter: interaction: PackageSetting{60a45ac com.my.forintern/10195} -> PackageSetting{3f548f4 com.android.systemui.emulation.pixel_4_xl/10072} BLOCKED
06-12 01:37:47.913   579  1904 I AppsFilter: interaction: PackageSetting{60a45ac com.my.forintern/10195} -> PackageSetting{c62981d com.android.systemui.emulation.pixel_fold/10010} BLOCKED
06-12 01:37:47.913   579  1904 I AppsFilter: interaction: PackageSetting{60a45ac com.my.forintern/10195} -> PackageSetting{3c1ca92 com.android.simappdialog.auto_generated_rro_product__/10014} BLOCKED
06-12 01:37:47.913   579  1904 I AppsFilter: interaction: PackageSetting{60a45ac com.my.forintern/10195} -> PackageSetting{427ec63 com.android.htmlviewer/10111} BLOCKED
06-12 01:37:47.913   579  1904 I AppsFilter: interaction: PackageSetting{60a45ac com.my.forintern/10195} -> PackageSetting{6980060 com.google.android.health.connect.backuprestore/10186} BLOCKED
06-12 01:37:47.913   579  1904 I AppsFilter: interaction: PackageSetting{60a45ac com.my.forintern/10195} -> PackageSetting{9159919 com.android.systemui.auto_generated_rro_product__/10063} BLOCKED
06-12 01:37:47.913   579  1904 I AppsFilter: interaction: PackageSetting{60a45ac com.my.forintern/10195} -> PackageSetting{52dfdde com.google.android.apps.messaging/10131} BLOCKED
06-12 01:37:47.913   579  1904 I AppsFilter: interaction: PackageSetting{60a45ac com.my.forintern/10195} -> PackageSetting{fa2ebbf com.google.android.soundpicker/10147} BLOCKED
06-12 01:37:47.913   579  1904 I AppsFilter: interaction: PackageSetting{60a45ac com.my.forintern/10195} -> PackageSetting{767590 com.Example.dobcalculation/10191} BLOCKED
06-12 01:37:47.913   579  1904 I AppsFilter: interaction: PackageSetting{60a45ac com.my.forintern/10195} -> PackageSetting{ecc28c com.google.android.configupdater/10129} BLOCKED
06-12 01:37:47.913   579  1904 I AppsFilter: interaction: PackageSetting{60a45ac com.my.forintern/10195} -> PackageSetting{c5dadd5 com.android.internal.emulation.pixel_3a_xl/10021} BLOCKED
06-12 01:37:47.913   579  1904 I AppsFilter: interaction: PackageSetting{60a45ac com.my.forintern/10195} -> PackageSetting{69819ea com.android.internal.emulation.pixel_6_pro/10060} BLOCKED
06-12 01:37:47.913   579  1904 I AppsFilter: interaction: PackageSetting{60a45ac com.my.forintern/10195} -> PackageSetting{ba484db com.android.internal.emulation.pixel_7_pro/10002} BLOCKED
06-12 01:37:47.913   579  1904 I AppsFilter: interaction: PackageSetting{60a45ac com.my.forintern/10195} -> PackageSetting{1e97b78 com.android.internal.emulation.pixel_8_pro/10048} BLOCKED
06-12 01:37:47.913   579  1904 I AppsFilter: interaction: PackageSetting{60a45ac com.my.forintern/10195} -> PackageSetting{ad85251 com.android.internal.emulation.pixel_3a/10036} BLOCKED
06-12 01:37:47.913   579  1904 I AppsFilter: interaction: PackageSetting{60a45ac com.my.forintern/10195} -> PackageSetting{2d5eab6 com.android.internal.emulation.pixel_4a/10029} BLOCKED
06-12 01:37:47.913   579  1904 I AppsFilter: interaction: PackageSetting{60a45ac com.my.forintern/10195} -> PackageSetting{15c93b7 com.android.internal.emulation.pixel_6a/10043} BLOCKED
06-12 01:37:47.913   579  1904 I AppsFilter: interaction: PackageSetting{60a45ac com.my.forintern/10195} -> PackageSetting{ff6d724 com.android.internal.emulation.pixel_7a/10073} BLOCKED
06-12 01:37:47.913   579  1904 I AppsFilter: interaction: PackageSetting{60a45ac com.my.forintern/10195} -> PackageSetting{b7ec28d com.google.android.overlay.googlewebview/10027} BLOCKED
06-12 01:37:47.913   579  1904 I AppsFilter: interaction: PackageSetting{60a45ac com.my.forintern/10195} -> PackageSetting{a4dfc42 com.google.android.hotspot2.osulogin/10181} BLOCKED
06-12 01:37:47.913   579  1904 I AppsFilter: interaction: PackageSetting{60a45ac com.my.forintern/10195} -> PackageSetting{31cb453 com.android.simappdialog/10112} BLOCKED
06-12 01:37:47.913   579  1904 I AppsFilter: interaction: PackageSetting{60a45ac com.my.forintern/10195} -> PackageSetting{d5c4190 com.android.internal.display.cutout.emulation.hole/10011} BLOCKED
06-12 01:37:47.913   579  1904 I AppsFilter: interaction: PackageSetting{60a45ac com.my.forintern/10195} -> PackageSetting{1a1fa89 com.android.internal.display.cutout.emulation.tall/10034} BLOCKED
06-12 01:37:47.913   579  1904 I AppsFilter: interaction: PackageSetting{60a45ac com.my.forintern/10195} -> PackageSetting{b439a8e com.android.internal.systemui.navbar.threebutton/10031} BLOCKED
06-12 01:37:47.913   579  1904 I AppsFilter: interaction: PackageSetting{60a45ac com.my.forintern/10195} -> PackageSetting{cb442af com.android.camera2/10151} BLOCKED
06-12 01:37:47.913   579  1904 I AppsFilter: interaction: PackageSetting{60a45ac com.my.forintern/10195} -> PackageSetting{76be6bc com.android.systemui.auto_generated_rro_vendor__/10079} BLOCKED
06-12 01:37:47.913   579  1904 I AppsFilter: interaction: PackageSetting{60a45ac com.my.forintern/10195} -> PackageSetting{aa6b645 com.google.android.deskclock/10141} BLOCKED
06-12 01:37:47.913   579  1904 I AppsFilter: interaction: PackageSetting{60a45ac com.my.forintern/10195} -> PackageSetting{2e2d19a com.android.internal.systemui.navbar.twobutton/10007} BLOCKED
06-12 01:37:47.913   579  1904 I AppsFilter: interaction: PackageSetting{60a45ac com.my.forintern/10195} -> PackageSetting{e2f3853 com.example.first/10190} BLOCKED
06-12 01:37:47.913   579  1904 I AppsFilter: interaction: PackageSetting{60a45ac com.my.forintern/10195} -> PackageSetting{d8c5acb com.google.android.as/10125} BLOCKED
06-12 01:37:47.913   579  1904 I AppsFilter: interaction: PackageSetting{60a45ac com.my.forintern/10195} -> PackageSetting{c6eb2a8 com.google.android.gm/10142} BLOCKED
06-12 01:37:47.913   579  1904 I AppsFilter: interaction: PackageSetting{60a45ac com.my.forintern/10195} -> PackageSetting{bc81042 com.bank.shopinglistapp/10193} BLOCKED
06-12 01:37:47.913   579  1904 I AppsFilter: interaction: PackageSetting{60a45ac com.my.forintern/10195} -> PackageSetting{b8171c1 com.android.internal.systemui.navbar.gestural_extra_wide_back/10008} BLOCKED
06-12 01:37:47.913   579  1904 I AppsFilter: interaction: PackageSetting{60a45ac com.my.forintern/10195} -> PackageSetting{30c6d66 com.android.systemui.emulation.pixel_3/10001} BLOCKED
06-12 01:37:47.913   579  1904 I AppsFilter: interaction: PackageSetting{60a45ac com.my.forintern/10195} -> PackageSetting{883d8a7 com.android.systemui.emulation.pixel_4/10019} BLOCKED
06-12 01:37:47.913   579  1904 I AppsFilter: interaction: PackageSetting{60a45ac com.my.forintern/10195} -> PackageSetting{4505154 com.android.systemui.emulation.pixel_5/10017} BLOCKED
06-12 01:37:47.913   579  1904 I AppsFilter: interaction: PackageSetting{60a45ac com.my.forintern/10195} -> PackageSetting{9f268fd com.android.systemui.emulation.pixel_6/10050} BLOCKED
06-12 01:37:47.913   579  1904 I AppsFilter: interaction: PackageSetting{60a45ac com.my.forintern/10195} -> PackageSetting{8e1f9f2 com.android.systemui.emulation.pixel_7/10061} BLOCKED
06-12 01:37:47.913   579  1904 I AppsFilter: interaction: PackageSetting{60a45ac com.my.forintern/10195} -> PackageSetting{58b5843 com.android.systemui.emulation.pixel_8/10020} BLOCKED
06-12 01:37:47.913   579  1904 I AppsFilter: interaction: PackageSetting{60a45ac com.my.forintern/10195} -> PackageSetting{80b2ec0 com.android.nfc.auto_generated_rro_product__/10068} BLOCKED
06-12 01:37:47.913   579  1904 I AppsFilter: interaction: PackageSetting{60a45ac com.my.forintern/10195} -> PackageSetting{d8197f9 com.android.printspooler/10101} BLOCKED
06-12 01:37:47.913   579  1904 I AppsFilter: interaction: PackageSetting{60a45ac com.my.forintern/10195} -> PackageSetting{11c33e com.android.emergency.auto_generated_rro_product__/10015} BLOCKED
06-12 01:37:47.913   579  1904 I AppsFilter: interaction: PackageSetting{60a45ac com.my.forintern/10195} -> PackageSetting{101359f com.google.android.connectivity.resources.goldfish.overlay/10078} BLOCKED
06-12 01:37:47.913   579  1904 I AppsFilter: interaction: PackageSetting{60a45ac com.my.forintern/10195} -> PackageSetting{3d476ec com.android.dreams.basic/10107} BLOCKED
06-12 01:37:47.913   579  1904 I AppsFilter: interaction: PackageSetting{60a45ac com.my.forintern/10195} -> PackageSetting{43abab5 com.google.android.networkstack.tethering.emulator/10056} BLOCKED
06-12 01:37:47.913   579  1904 I AppsFilter: interaction: PackageSetting{60a45ac com.my.forintern/10195} -> PackageSetting{ee2d54a com.android.providers.settings.auto_generated_rro_product__/10051} BLOCKED
06-12 01:37:47.913   579  1904 I AppsFilter: interaction: PackageSetting{60a45ac com.my.forintern/10195} -> PackageSetting{4cd8cbb com.google.android.as.oss/10116} BLOCKED
06-12 01:37:47.913   579  1904 I AppsFilter: interaction: PackageSetting{60a45ac com.my.forintern/10195} -> PackageSetting{815d8 com.android.traceur.auto_generated_rro_product__/10065} BLOCKED
06-12 01:37:47.913   579  1904 I AppsFilter: interaction: PackageSetting{60a45ac com.my.forintern/10195} -> PackageSetting{7294d31 com.google.android.devicelockcontroller/10172} BLOCKED
06-12 01:37:47.913   579  1904 I AppsFilter: interaction: PackageSetting{60a45ac com.my.forintern/10195} -> PackageSetting{700fc16 com.google.android.dialer/10127} BLOCKED
06-12 01:37:47.913   579  1904 I AppsFilter: interaction: PackageSetting{60a45ac com.my.forintern/10195} -> PackageSetting{73e3997 com.android.internal.emulation.pixel_3/10038} BLOCKED
06-12 01:37:47.913   579  1904 I AppsFilter: interaction: PackageSetting{60a45ac com.my.forintern/10195} -> PackageSetting{cd4b784 com.android.internal.emulation.pixel_4/10041} BLOCKED
06-12 01:37:47.913   579  1904 I AppsFilter: interaction: PackageSetting{60a45ac com.my.forintern/10195} -> PackageSetting{a948b6d com.android.internal.emulation.pixel_5/10012} BLOCKED
06-12 01:37:47.913   579  1904 I AppsFilter: interaction: PackageSetting{60a45ac com.my.forintern/10195} -> PackageSetting{708c3a2 com.android.internal.emulation.pixel_6/10055} BLOCKED
06-12 01:37:47.913   579  1904 I AppsFilter: interaction: PackageSetting{60a45ac com.my.forintern/10195} -> PackageSetting{ba2d833 com.android.internal.emulation.pixel_7/10018} BLOCKED
06-12 01:37:47.913   579  1904 I AppsFilter: interaction: PackageSetting{60a45ac com.my.forintern/10195} -> PackageSetting{ca7c7f0 com.android.internal.emulation.pixel_8/10054} BLOCKED
06-12 01:37:47.914   579  1904 I AppsFilter: interaction: PackageSetting{60a45ac com.my.forintern/10195} -> PackageSetting{5fb7169 com.google.android.captiveportallogin/10113} BLOCKED
06-12 01:37:47.914   579  1904 I AppsFilter: interaction: PackageSetting{60a45ac com.my.forintern/10195} -> PackageSetting{8d377ee com.android.musicfx/10087} BLOCKED
06-12 01:37:47.914   579  1904 I AppsFilter: interaction: PackageSetting{60a45ac com.my.forintern/10195} -> PackageSetting{a8c48f com.google.android.apps.docs/10152} BLOCKED
06-12 01:37:47.914   579  1904 I AppsFilter: interaction: PackageSetting{60a45ac com.my.forintern/10195} -> PackageSetting{76436b0 com.google.android.apps.maps/10144} BLOCKED
06-12 01:37:47.914   579  1904 I AppsFilter: interaction: PackageSetting{60a45ac com.my.forintern/10195} -> PackageSetting{959731c com.google.android.modulemetadata/10149} BLOCKED
06-12 01:37:47.914   579  1904 I AppsFilter: interaction: PackageSetting{60a45ac com.my.forintern/10195} -> PackageSetting{fd0bb25 com.google.android.markup/10138} BLOCKED
06-12 01:37:47.914   579  1904 I AppsFilter: interaction: PackageSetting{60a45ac com.my.forintern/10195} -> PackageSetting{88324fa com.android.providers.settings.auto_generated_rro_vendor__/10080} BLOCKED
06-12 01:37:47.914   579  1904 I AppsFilter: interaction: PackageSetting{60a45ac com.my.forintern/10195} -> PackageSetting{8771aab com.google.android.webview/10133} BLOCKED
06-12 01:37:47.914   579  1904 I AppsFilter: interaction: PackageSetting{60a45ac com.my.forintern/10195} -> PackageSetting{18a508 com.google.android.rkpdapp/10178} BLOCKED
06-12 01:37:47.914   579  1904 I AppsFilter: interaction: PackageSetting{60a45ac com.my.forintern/10195} -> PackageSetting{8f6e4a1 com.google.android.contacts/10137} BLOCKED
06-12 01:37:47.914   579  1904 I AppsFilter: interaction: PackageSetting{60a45ac com.my.forintern/10195} -> PackageSetting{4e96c6 com.android.server.telecom.auto_generated_rro_product__/10032} BLOCKED
06-12 01:37:47.914   579  1904 I AppsFilter: interaction: PackageSetting{60a45ac com.my.forintern/10195} -> PackageSetting{68ab687 com.google.android.overlay.googleconfig/10004} BLOCKED
06-12 01:37:47.914   579  1904 I AppsFilter: interaction: PackageSetting{60a45ac com.my.forintern/10195} -> PackageSetting{1709b4 com.android.chrome/10143} BLOCKED
06-12 01:37:47.914   579  1904 I AppsFilter: interaction: PackageSetting{60a45ac com.my.forintern/10195} -> PackageSetting{3fc29dd com.android.bips.auto_generated_rro_product__/10013} BLOCKED
06-12 01:37:47.914   579  1904 I AppsFilter: interaction: PackageSetting{60a45ac com.my.forintern/10195} -> PackageSetting{50d5952 com.google.android.apps.customization.pixel/10150} BLOCKED
06-12 01:37:47.914   579  1904 I AppsFilter: interaction: PackageSetting{60a45ac com.my.forintern/10195} -> PackageSetting{f523423 com.google.android.tag/10086} BLOCKED
06-12 01:37:47.914   579  1904 I AppsFilter: interaction: PackageSetting{60a45ac com.my.forintern/10195} -> PackageSetting{7f50d20 com.google.android.overlay.permissioncontroller/10064} BLOCKED
06-12 01:37:47.914   579  1904 I AppsFilter: interaction: PackageSetting{60a45ac com.my.forintern/10195} -> PackageSetting{41686d9 com.google.android.partnersetup/10128} BLOCKED
06-12 01:37:47.914   579  1904 I AppsFilter: interaction: PackageSetting{60a45ac com.my.forintern/10195} -> PackageSetting{f83b89e com.google.android.apps.wallpaper.nexus/10135} BLOCKED
06-12 01:37:47.914   579  1904 I AppsFilter: interaction: PackageSetting{60a45ac com.my.forintern/10195} -> PackageSetting{589ef7f com.google.android.apps.nexuslauncher/10160} BLOCKED
06-12 01:37:47.914   579  1904 I AppsFilter: interaction: PackageSetting{60a45ac com.my.forintern/10195} -> PackageSetting{deddb4c com.google.android.nearby.halfsheet/10175} BLOCKED
06-12 01:37:47.914   579  1904 I AppsFilter: interaction: PackageSetting{60a45ac com.my.forintern/10195} -> PackageSetting{fdfb795 com.android.theme.font.notoserifsource/10053} BLOCKED
06-12 01:37:47.914   579  1904 I AppsFilter: interaction: PackageSetting{60a45ac com.my.forintern/10195} -> PackageSetting{e6ec0aa com.google.android.safetycenter.resources/10188} BLOCKED
06-12 01:37:47.914   579  1904 I AppsFilter: interaction: PackageSetting{60a45ac com.my.forintern/10195} -> PackageSetting{158049b com.android.internal.display.cutout.emulation.waterfall/10057} BLOCKED
06-12 01:37:47.914   579  1904 I AppsFilter: interaction: PackageSetting{60a45ac com.my.forintern/10195} -> PackageSetting{ec36038 com.android.internal.systemui.navbar.transparent/10016} BLOCKED
06-12 01:37:47.914   579  1904 I AppsFilter: interaction: PackageSetting{60a45ac com.my.forintern/10195} -> PackageSetting{3d13811 com.google.android.connectivity.resources/10174} BLOCKED
06-12 01:37:47.914   579  1904 I AppsFilter: interaction: PackageSetting{60a45ac com.my.forintern/10195} -> PackageSetting{d503d76 com.android.providers.contacts.auto_generated_rro_product__/10023} BLOCKED
06-12 01:37:47.914   579  1904 I AppsFilter: interaction: PackageSetting{60a45ac com.my.forintern/10195} -> PackageSetting{d284f77 com.google.android.feedback/10166} BLOCKED
06-12 01:37:47.914   579  1904 I AppsFilter: interaction: PackageSetting{60a45ac com.my.forintern/10195} -> PackageSetting{f6a47e4 com.google.android.printservice.recommendation/10100} BLOCKED
06-12 01:37:47.914   579  1904 I AppsFilter: interaction: PackageSetting{60a45ac com.my.forintern/10195} -> PackageSetting{80444d com.google.android.apps.photos/10148} BLOCKED
06-12 01:37:47.914   579  1904 I AppsFilter: interaction: PackageSetting{60a45ac com.my.forintern/10195} -> PackageSetting{5c3ba44 com.google.android.calendar/10136} BLOCKED
06-12 01:37:47.914   579  1904 I AppsFilter: interaction: PackageSetting{60a45ac com.my.forintern/10195} -> PackageSetting{bfabb02 com.google.android.documentsui/10098} BLOCKED
06-12 01:37:47.914   579  1904 I AppsFilter: interaction: PackageSetting{60a45ac com.my.forintern/10195} -> PackageSetting{4486c13 com.android.systemui.emulation.pixel_3a_xl/10044} BLOCKED
06-12 01:37:47.914   579  1904 I AppsFilter: interaction: PackageSetting{60a45ac com.my.forintern/10195} -> PackageSetting{d75fe50 com.android.systemui.emulation.pixel_6_pro/10052} BLOCKED
06-12 01:37:47.914   579  1904 I AppsFilter: interaction: PackageSetting{60a45ac com.my.forintern/10195} -> PackageSetting{99d849 com.android.systemui.emulation.pixel_7_pro/10003} BLOCKED
06-12 01:37:47.914   579  1904 I AppsFilter: interaction: PackageSetting{60a45ac com.my.forintern/10195} -> PackageSetting{2dd854e com.android.systemui.emulation.pixel_8_pro/10024} BLOCKED
06-12 01:37:47.914   579  1904 I AppsFilter: interaction: PackageSetting{60a45ac com.my.forintern/10195} -> PackageSetting{f43b66f com.google.mainline.telemetry/10146} BLOCKED
06-12 01:37:47.914   579  1904 I AppsFilter: interaction: PackageSetting{60a45ac com.my.forintern/10195} -> PackageSetting{a44af7c com.android.carrierconfig.auto_generated_rro_product__/10025} BLOCKED
06-12 01:37:47.914   579  1904 I AppsFilter: interaction: PackageSetting{60a45ac com.my.forintern/10195} -> PackageSetting{29eb005 com.android.providers.partnerbookmarks/10110} BLOCKED
06-12 01:37:47.914   579  1904 I AppsFilter: interaction: PackageSetting{60a45ac com.my.forintern/10195} -> PackageSetting{10a85a com.android.wallpaper.livepicker/10090} BLOCKED
06-12 01:37:47.914   579  1904 I AppsFilter: interaction: PackageSetting{60a45ac com.my.forintern/10195} -> PackageSetting{9ff4a8b com.android.providers.telephony.auto_generated_rro_product__/10000} BLOCKED
06-12 01:37:47.914   579  1904 I AppsFilter: interaction: PackageSetting{60a45ac com.my.forintern/10195} -> PackageSetting{ceb4768 com.android.phone.auto_generated_rro_vendor__/10077} BLOCKED
06-12 01:37:47.914   579  1904 I AppsFilter: interaction: PackageSetting{60a45ac com.my.forintern/10195} -> PackageSetting{25f4781 com.google.mainline.adservices/10145} BLOCKED
06-12 01:37:47.914   579  1904 I AppsFilter: interaction: PackageSetting{60a45ac com.my.forintern/10195} -> PackageSetting{920f026 com.android.imsserviceentitlement/10124} BLOCKED
06-12 01:37:47.914   579  1904 I AppsFilter: interaction: PackageSetting{60a45ac com.my.forintern/10195} -> PackageSetting{f960467 com.google.android.healthconnect.controller/10185} BLOCKED
06-12 01:37:47.914   579  1904 I AppsFilter: interaction: PackageSetting{60a45ac com.my.forintern/10195} -> PackageSetting{6e17214 com.android.internal.emulation.pixel_2_xl/10058} BLOCKED
06-12 01:37:47.914   579  1904 I AppsFilter: interaction: PackageSetting{60a45ac com.my.forintern/10195} -> PackageSetting{e37dabd com.android.internal.emulation.pixel_3_xl/10062} BLOCKED
06-12 01:37:47.914   579  1904 I AppsFilter: interaction: PackageSetting{60a45ac com.my.forintern/10195} -> PackageSetting{d9be8b2 com.android.internal.emulation.pixel_4_xl/10037} BLOCKED
06-12 01:37:47.914   579  1904 I AppsFilter: interaction: PackageSetting{60a45ac com.my.forintern/10195} -> PackageSetting{7f48003 com.android.internal.emulation.pixel_fold/10005} BLOCKED
06-12 01:37:47.914   579  1904 I AppsFilter: interaction: PackageSetting{60a45ac com.my.forintern/10195} -> PackageSetting{504a68d com.example.chatapplication/10192} BLOCKED
06-12 01:37:47.914   579  1904 I AppsFilter: interaction: PackageSetting{60a45ac com.my.forintern/10195} -> PackageSetting{76d9b80 com.android.bookmarkprovider/10099} BLOCKED
06-12 01:37:47.914   579  1904 I AppsFilter: interaction: PackageSetting{60a45ac com.my.forintern/10195} -> PackageSetting{40c65b9 com.google.android.overlay.pixelconfigcommon/10039} BLOCKED
06-12 01:37:47.914   579  1904 I AppsFilter: interaction: PackageSetting{60a45ac com.my.forintern/10195} -> PackageSetting{65bddfe com.android.systemui.accessibility.accessibilitymenu.auto_generated_rro_product__/10028} BLOCKED
06-12 01:37:47.914   579  1904 I AppsFilter: interaction: PackageSetting{60a45ac com.my.forintern/10195} -> PackageSetting{335195f com.android.systemui.emulation.pixel_3a/10030} BLOCKED
06-12 01:37:47.914   579  1904 I AppsFilter: interaction: PackageSetting{60a45ac com.my.forintern/10195} -> PackageSetting{9d0efac com.android.systemui.emulation.pixel_4a/10006} BLOCKED
06-12 01:37:47.914   579  1904 I AppsFilter: interaction: PackageSetting{60a45ac com.my.forintern/10195} -> PackageSetting{204a475 com.android.systemui.emulation.pixel_6a/10026} BLOCKED
06-12 01:37:47.914   579  1904 I AppsFilter: interaction: PackageSetting{60a45ac com.my.forintern/10195} -> PackageSetting{d93dc0a com.android.systemui.emulation.pixel_7a/10047} BLOCKED
06-12 01:37:47.914   579  1904 I AppsFilter: interaction: PackageSetting{60a45ac com.my.forintern/10195} -> PackageSetting{ebbec7b com.google.android.settings.intelligence/10123} BLOCKED
06-12 01:37:47.914   579  1904 I AppsFilter: interaction: PackageSetting{60a45ac com.my.forintern/10195} -> PackageSetting{8188537 com.google.android.projection.gearhead/10122} BLOCKED
06-12 01:37:47.914   579  1904 I AppsFilter: interaction: PackageSetting{60a45ac com.my.forintern/10195} -> PackageSetting{a335a98 com.google.android.uwb.resources/10187} BLOCKED
06-12 01:37:47.914   579  1904 I AppsFilter: interaction: PackageSetting{60a45ac com.my.forintern/10195} -> PackageSetting{a91aaa4 com.android.cts.ctsshim/10170} BLOCKED
06-12 01:37:47.914   579  1904 I AppsFilter: interaction: PackageSetting{60a45ac com.my.forintern/10195} -> PackageSetting{70812f1 com.google.android.wifi.resources/10179} BLOCKED
06-12 01:37:47.914   579  1904 I AppsFilter: interaction: PackageSetting{60a45ac com.my.forintern/10195} -> PackageSetting{b9baed6 com.google.android.wifi.dialog/10180} BLOCKED
06-12 01:37:47.914   579  1904 I AppsFilter: interaction: PackageSetting{60a45ac com.my.forintern/10195} -> PackageSetting{18ed7b7 com.my.intern/10196} BLOCKED
06-12 01:37:47.914   579  1904 I AppsFilter: interaction: PackageSetting{60a45ac com.my.forintern/10195} -> PackageSetting{12d557 com.google.android.apps.wallpaper/10167} BLOCKED
06-12 01:37:47.914   579  1904 I AppsFilter: interaction: PackageSetting{60a45ac com.my.forintern/10195} -> PackageSetting{d4f8844 com.google.android.odad/10119} BLOCKED
06-12 01:37:47.914   579  1904 I AppsFilter: interaction: PackageSetting{60a45ac com.my.forintern/10195} -> PackageSetting{ef9ed2d com.android.settings.auto_generated_rro_product__/10067} BLOCKED
06-12 01:37:47.914   579  1904 I AppsFilter: interaction: PackageSetting{60a45ac com.my.forintern/10195} -> PackageSetting{47be262 com.android.internal.systemui.navbar.gestural/10045} BLOCKED
06-12 01:37:47.914   579  1904 I AppsFilter: interaction: PackageSetting{60a45ac com.my.forintern/10195} -> PackageSetting{1856ff3 com.google.android.apps.youtube.music/10153} BLOCKED
06-12 01:37:47.914   579  1904 I AppsFilter: interaction: PackageSetting{60a45ac com.my.forintern/10195} -> PackageSetting{6dee4b0 com.android.bluetoothmidiservice/10103} BLOCKED
06-12 01:37:47.914   579  1904 I AppsFilter: interaction: PackageSetting{60a45ac com.my.forintern/10195} -> PackageSetting{6b52f29 com.android.storagemanager.auto_generated_rro_product__/10069} BLOCKED
06-12 01:37:47.914   579  1904 I AppsFilter: interaction: PackageSetting{60a45ac com.my.forintern/10195} -> PackageSetting{239c2ae com.google.android.cellbroadcastreceiver/10168} BLOCKED
06-12 01:37:47.914   579  1904 I AppsFilter: interaction: PackageSetting{60a45ac com.my.forintern/10195} -> PackageSetting{c7d184f com.android.phone.auto_generated_rro_product__/10070} BLOCKED
06-12 01:37:47.914   579  1904 I AppsFilter: interaction: PackageSetting{60a45ac com.my.forintern/10195} -> PackageSetting{ac59bdc android.auto_generated_rro_product__/10046} BLOCKED
06-12 01:37:47.914   579  1904 I AppsFilter: interaction: PackageSetting{60a45ac com.my.forintern/10195} -> PackageSetting{3c894e5 com.android.internal.systemui.navbar.gestural_narrow_back/10035} BLOCKED
06-12 01:37:47.914   579  1904 I AppsFilter: interaction: PackageSetting{60a45ac com.my.forintern/10195} -> PackageSetting{7e35bba com.google.android.inputmethod.latin/10154} BLOCKED
06-12 01:37:47.914   579  1904 I AppsFilter: interaction: PackageSetting{60a45ac com.my.forintern/10195} -> PackageSetting{d9cea6b android.auto_generated_rro_vendor__/10075} BLOCKED
06-12 01:37:47.914   579  1904 I AppsFilter: interaction: PackageSetting{60a45ac com.my.forintern/10195} -> PackageSetting{4fe99c8 com.google.android.apps.restore/10120} BLOCKED
06-12 01:37:47.915  5154  5325 I DynamiteModule: Considering local module com.google.android.gms.measurement.dynamite:185 and remote module com.google.android.gms.measurement.dynamite:191
06-12 01:37:47.915  5154  5325 I DynamiteModule: Selected remote version of com.google.android.gms.measurement.dynamite, version >= 191
06-12 01:37:47.915  5154  5325 V DynamiteModule: Dynamite loader version >= 2, using loadModule2NoCrashUtils
06-12 01:37:47.918   579  1727 D CompatibilityChangeReporter: Compat change id reported: 161145287; UID 10195; state: ENABLED
06-12 01:37:47.927  5154  5325 W System  : ClassLoader referenced unknown path: 
06-12 01:37:47.927  5154  5325 D nativeloader: Configuring clns-7 for other apk . target_sdk_version=37, uses_libraries=, library_path=/data/app/~~RRr6Wm1tWhr5-uhD2yCF8w==/com.google.android.gms-rI5xARQx0HcCtAL_L30bew==/lib/x86_64:/data/app/~~RRr6Wm1tWhr5-uhD2yCF8w==/com.google.android.gms-rI5xARQx0HcCtAL_L30bew==/base.apk!/lib/x86_64, permitted_path=/data:/mnt/expand:/data/user/0/com.google.android.gms
06-12 01:37:47.938  5154  5325 W om.my.forintern: ClassLoaderContext classpath size mismatch. expected=17, found=9 (DLC[];PCL[base.apk*1335322299:base.apk!classes2.dex*2354330015:base.apk!classes3.dex*3401914794:base.apk!classes4.dex*1458704107:base.apk!classes5.dex*4267721593:base.apk!classes6.dex*1376702623:base.apk!classes7.dex*568149621:base.apk!classes8.dex*1875226709:base.apk!classes9.dex*1823086273:base.apk!classes10.dex*2796360206:base.apk!classes11.dex*3326575449:base.apk!classes12.dex*104581171:base.apk!classes13.dex*1414277586:base.apk!classes14.dex*3982165844:base.apk!classes15.dex*3953227987:base.apk!classes16.dex*4268550189:base.apk!classes17.dex*2900616498]{PCL[/system/framework/org.apache.http.legacy.jar*365604908]#PCL[/system/framework/com.android.location.provider.jar*3994156536]#PCL[/system/framework/com.android.media.remotedisplay.jar*2114713713]#PCL[/system_ext/framework/androidx.window.extensions.jar*3801209684]#PCL[/system_ext/framework/androidx.window.sidecar.jar*2709203797]} | DLC[];PCL[/data/app/~~ccFqzwYxj5W3xcURRO8l4A==/com.my.forintern-6MEHospkHl8rOi3dFtH1yA==/base.apk*3754641305:/data/app/~~ccFqzwYxj5W3xcURRO8l4A==/com.my.forintern-6MEHospkHl8rOi3dFtH1yA==/base.apk!classes2.dex*2784950892:/data/app/~~ccFqzwYxj5W3xcURRO8l4A==/com.my.forintern-6MEHospkHl8rOi3dFtH1yA==/base.apk!classes3.dex*2714181602:/data/app/~~ccFqzwYxj5W3xcURRO8l4A==/com.my.forintern-6MEHospkHl8rOi3dFtH1yA==/base.apk!classes4.dex*1475359442:/data/app/~~ccFqzwYxj5W3xcURRO8l4A==/com.my.forintern-6MEHospkHl8rOi3dFtH1yA==/base.apk!classes5.dex*2577197626:/data/app/~~ccFqzwYxj5W3xcURRO8l4A==/com.my.forintern-6MEHospkHl8rOi3dFtH1yA==/base.apk!classes6.dex*2418524439:/data/app/~~ccFqzwYxj5W3xcURRO8l4A==/com.my.forintern-6MEHospkHl8rOi3dFtH1yA==/base.apk!classes7.dex*2522849856:/data/app/~~ccFqzwYxj5W3xcURRO8l4A==/com.my.forintern-6MEHospkHl8rOi3dFtH1yA==/base.apk!classes8.dex*509919500:/data/app/~~ccFqzwYxj5W3xcURRO8l4A==/com.my.forintern-6MEHospkHl8rOi3dFtH1yA==/base.apk!classes9.dex*4055049607]{PCL[/system_ext/framework/androidx.window.extensions.jar*3801209684]#PCL[/system_ext/framework/androidx.window.sidecar.jar*2709203797]})
06-12 01:37:47.940  1775  2217 I Icing   : Indexing done com.google.android.gms-apps
06-12 01:37:47.945   579  1727 I AppsFilter: interaction: PackageSetting{60a45ac com.my.forintern/10195} -> PackageSetting{23e0073 com.android.cts.priv.ctsshim/10169} BLOCKED
06-12 01:37:47.945   579  1727 I AppsFilter: interaction: PackageSetting{60a45ac com.my.forintern/10195} -> PackageSetting{47b6b30 com.google.android.youtube/10139} BLOCKED
06-12 01:37:47.945   579  1727 I AppsFilter: interaction: PackageSetting{60a45ac com.my.forintern/10195} -> PackageSetting{a5573a9 com.android.internal.display.cutout.emulation.corner/10049} BLOCKED
06-12 01:37:47.945   579  1727 I AppsFilter: interaction: PackageSetting{60a45ac com.my.forintern/10195} -> PackageSetting{d55ed2e com.android.internal.display.cutout.emulation.double/10059} BLOCKED
06-12 01:37:47.945   579  1727 I AppsFilter: interaction: PackageSetting{60a45ac com.my.forintern/10195} -> PackageSetting{b6e30cf com.google.android.googlequicksearchbox/10132} BLOCKED
06-12 01:37:47.945   579  1727 I AppsFilter: interaction: PackageSetting{60a45ac com.my.forintern/10195} -> PackageSetting{fe40a5c com.google.android.onetimeinitializer/10118} BLOCKED
06-12 01:37:47.945   579  1727 I AppsFilter: interaction: PackageSetting{60a45ac com.my.forintern/10195} -> PackageSetting{e68a165 com.google.android.ext.shared/10108} BLOCKED
06-12 01:37:47.945   579  1727 I AppsFilter: interaction: PackageSetting{60a45ac com.my.forintern/10195} -> PackageSetting{cd7ae3a com.android.internal.systemui.navbar.gestural_wide_back/10040} BLOCKED
06-12 01:37:47.945   579  1727 I AppsFilter: interaction: PackageSetting{60a45ac com.my.forintern/10195} -> PackageSetting{9c70aeb com.android.virtualmachine.res/10171} BLOCKED
06-12 01:37:47.945   579  1727 I AppsFilter: interaction: PackageSetting{60a45ac com.my.forintern/10195} -> PackageSetting{bd57048 com.google.android.federatedcompute/10176} BLOCKED
06-12 01:37:47.945   579  1727 I AppsFilter: interaction: PackageSetting{60a45ac com.my.forintern/10195} -> PackageSetting{1c6eee1 com.android.managedprovisioning.auto_generated_rro_product__/10033} BLOCKED
