06-12 01:37:47.945   579  1727 I AppsFilter: interaction: PackageSetting{60a45ac com.my.forintern/10195} -> PackageSetting{1827406 com.android.carrierconfig.auto_generated_rro_vendor__/10076} BLOCKED
06-12 01:37:47.945   579  1727 I AppsFilter: interaction: PackageSetting{60a45ac com.my.forintern/10195} -> PackageSetting{6896ac7 com.android.systemui.emulation.pixel_3_xl/10066} BLOCKED
06-12 01:37:47.945   579  1727 I AppsFilter: interaction: PackageSetting{60a45ac com.my.forintern/10195} -> PackageSetting{3f548f4 com.android.systemui.emulation.pixel_4_xl/10072} BLOCKED
06-12 01:37:47.945   579  1727 I AppsFilter: interaction: PackageSetting{60a45ac com.my.forintern/10195} -> PackageSetting{c62981d com.android.systemui.emulation.pixel_fold/10010} BLOCKED
06-12 01:37:47.945   579  1727 I AppsFilter: interaction: PackageSetting{60a45ac com.my.forintern/10195} -> PackageSetting{3c1ca92 com.android.simappdialog.auto_generated_rro_product__/10014} BLOCKED
06-12 01:37:47.945   579  1727 I AppsFilter: interaction: PackageSetting{60a45ac com.my.forintern/10195} -> PackageSetting{427ec63 com.android.htmlviewer/10111} BLOCKED
06-12 01:37:47.945   579  1727 I AppsFilter: interaction: PackageSetting{60a45ac com.my.forintern/10195} -> PackageSetting{6980060 com.google.android.health.connect.backuprestore/10186} BLOCKED
06-12 01:37:47.945   579  1727 I AppsFilter: interaction: PackageSetting{60a45ac com.my.forintern/10195} -> PackageSetting{9159919 com.android.systemui.auto_generated_rro_product__/10063} BLOCKED
06-12 01:37:47.945   579  1727 I AppsFilter: interaction: PackageSetting{60a45ac com.my.forintern/10195} -> PackageSetting{52dfdde com.google.android.apps.messaging/10131} BLOCKED
06-12 01:37:47.945   579  1727 I AppsFilter: interaction: PackageSetting{60a45ac com.my.forintern/10195} -> PackageSetting{fa2ebbf com.google.android.soundpicker/10147} BLOCKED
06-12 01:37:47.945   579  1727 I AppsFilter: interaction: PackageSetting{60a45ac com.my.forintern/10195} -> PackageSetting{767590 com.Example.dobcalculation/10191} BLOCKED
06-12 01:37:47.945   579  1727 I AppsFilter: interaction: PackageSetting{60a45ac com.my.forintern/10195} -> PackageSetting{ecc28c com.google.android.configupdater/10129} BLOCKED
06-12 01:37:47.945   579  1727 I AppsFilter: interaction: PackageSetting{60a45ac com.my.forintern/10195} -> PackageSetting{c5dadd5 com.android.internal.emulation.pixel_3a_xl/10021} BLOCKED
06-12 01:37:47.945   579  1727 I AppsFilter: interaction: PackageSetting{60a45ac com.my.forintern/10195} -> PackageSetting{69819ea com.android.internal.emulation.pixel_6_pro/10060} BLOCKED
06-12 01:37:47.945   579  1727 I AppsFilter: interaction: PackageSetting{60a45ac com.my.forintern/10195} -> PackageSetting{ba484db com.android.internal.emulation.pixel_7_pro/10002} BLOCKED
06-12 01:37:47.945   579  1727 I AppsFilter: interaction: PackageSetting{60a45ac com.my.forintern/10195} -> PackageSetting{1e97b78 com.android.internal.emulation.pixel_8_pro/10048} BLOCKED
06-12 01:37:47.945   579  1727 I AppsFilter: interaction: PackageSetting{60a45ac com.my.forintern/10195} -> PackageSetting{ad85251 com.android.internal.emulation.pixel_3a/10036} BLOCKED
06-12 01:37:47.945   579  1727 I AppsFilter: interaction: PackageSetting{60a45ac com.my.forintern/10195} -> PackageSetting{2d5eab6 com.android.internal.emulation.pixel_4a/10029} BLOCKED
06-12 01:37:47.945   579  1727 I AppsFilter: interaction: PackageSetting{60a45ac com.my.forintern/10195} -> PackageSetting{15c93b7 com.android.internal.emulation.pixel_6a/10043} BLOCKED
06-12 01:37:47.945   579  1727 I AppsFilter: interaction: PackageSetting{60a45ac com.my.forintern/10195} -> PackageSetting{ff6d724 com.android.internal.emulation.pixel_7a/10073} BLOCKED
06-12 01:37:47.945   579  1727 I AppsFilter: interaction: PackageSetting{60a45ac com.my.forintern/10195} -> PackageSetting{b7ec28d com.google.android.overlay.googlewebview/10027} BLOCKED
06-12 01:37:47.945   579  1727 I AppsFilter: interaction: PackageSetting{60a45ac com.my.forintern/10195} -> PackageSetting{a4dfc42 com.google.android.hotspot2.osulogin/10181} BLOCKED
06-12 01:37:47.945   579  1727 I AppsFilter: interaction: PackageSetting{60a45ac com.my.forintern/10195} -> PackageSetting{31cb453 com.android.simappdialog/10112} BLOCKED
06-12 01:37:47.945   579  1727 I AppsFilter: interaction: PackageSetting{60a45ac com.my.forintern/10195} -> PackageSetting{d5c4190 com.android.internal.display.cutout.emulation.hole/10011} BLOCKED
06-12 01:37:47.945   579  1727 I AppsFilter: interaction: PackageSetting{60a45ac com.my.forintern/10195} -> PackageSetting{1a1fa89 com.android.internal.display.cutout.emulation.tall/10034} BLOCKED
06-12 01:37:47.945   579  1727 I AppsFilter: interaction: PackageSetting{60a45ac com.my.forintern/10195} -> PackageSetting{b439a8e com.android.internal.systemui.navbar.threebutton/10031} BLOCKED
06-12 01:37:47.945   579  1727 I AppsFilter: interaction: PackageSetting{60a45ac com.my.forintern/10195} -> PackageSetting{cb442af com.android.camera2/10151} BLOCKED
06-12 01:37:47.945   579  1727 I AppsFilter: interaction: PackageSetting{60a45ac com.my.forintern/10195} -> PackageSetting{76be6bc com.android.systemui.auto_generated_rro_vendor__/10079} BLOCKED
06-12 01:37:47.945   579  1727 I AppsFilter: interaction: PackageSetting{60a45ac com.my.forintern/10195} -> PackageSetting{aa6b645 com.google.android.deskclock/10141} BLOCKED
06-12 01:37:47.945   579  1727 I AppsFilter: interaction: PackageSetting{60a45ac com.my.forintern/10195} -> PackageSetting{2e2d19a com.android.internal.systemui.navbar.twobutton/10007} BLOCKED
06-12 01:37:47.945   579  1727 I AppsFilter: interaction: PackageSetting{60a45ac com.my.forintern/10195} -> PackageSetting{e2f3853 com.example.first/10190} BLOCKED
06-12 01:37:47.945   579  1727 I AppsFilter: interaction: PackageSetting{60a45ac com.my.forintern/10195} -> PackageSetting{d8c5acb com.google.android.as/10125} BLOCKED
06-12 01:37:47.945   579  1727 I AppsFilter: interaction: PackageSetting{60a45ac com.my.forintern/10195} -> PackageSetting{c6eb2a8 com.google.android.gm/10142} BLOCKED
06-12 01:37:47.945   579  1727 I AppsFilter: interaction: PackageSetting{60a45ac com.my.forintern/10195} -> PackageSetting{bc81042 com.bank.shopinglistapp/10193} BLOCKED
06-12 01:37:47.945   579  1727 I AppsFilter: interaction: PackageSetting{60a45ac com.my.forintern/10195} -> PackageSetting{b8171c1 com.android.internal.systemui.navbar.gestural_extra_wide_back/10008} BLOCKED
06-12 01:37:47.945   579  1727 I AppsFilter: interaction: PackageSetting{60a45ac com.my.forintern/10195} -> PackageSetting{30c6d66 com.android.systemui.emulation.pixel_3/10001} BLOCKED
06-12 01:37:47.945   579  1727 I AppsFilter: interaction: PackageSetting{60a45ac com.my.forintern/10195} -> PackageSetting{883d8a7 com.android.systemui.emulation.pixel_4/10019} BLOCKED
06-12 01:37:47.945   579  1727 I AppsFilter: interaction: PackageSetting{60a45ac com.my.forintern/10195} -> PackageSetting{4505154 com.android.systemui.emulation.pixel_5/10017} BLOCKED
06-12 01:37:47.945   579  1727 I AppsFilter: interaction: PackageSetting{60a45ac com.my.forintern/10195} -> PackageSetting{9f268fd com.android.systemui.emulation.pixel_6/10050} BLOCKED
06-12 01:37:47.945   579  1727 I AppsFilter: interaction: PackageSetting{60a45ac com.my.forintern/10195} -> PackageSetting{8e1f9f2 com.android.systemui.emulation.pixel_7/10061} BLOCKED
06-12 01:37:47.945   579  1727 I AppsFilter: interaction: PackageSetting{60a45ac com.my.forintern/10195} -> PackageSetting{58b5843 com.android.systemui.emulation.pixel_8/10020} BLOCKED
06-12 01:37:47.945   579  1727 I AppsFilter: interaction: PackageSetting{60a45ac com.my.forintern/10195} -> PackageSetting{80b2ec0 com.android.nfc.auto_generated_rro_product__/10068} BLOCKED
06-12 01:37:47.945   579  1727 I AppsFilter: interaction: PackageSetting{60a45ac com.my.forintern/10195} -> PackageSetting{d8197f9 com.android.printspooler/10101} BLOCKED
06-12 01:37:47.945   579  1727 I AppsFilter: interaction: PackageSetting{60a45ac com.my.forintern/10195} -> PackageSetting{11c33e com.android.emergency.auto_generated_rro_product__/10015} BLOCKED
06-12 01:37:47.945   579  1727 I AppsFilter: interaction: PackageSetting{60a45ac com.my.forintern/10195} -> PackageSetting{101359f com.google.android.connectivity.resources.goldfish.overlay/10078} BLOCKED
06-12 01:37:47.945   579  1727 I AppsFilter: interaction: PackageSetting{60a45ac com.my.forintern/10195} -> PackageSetting{3d476ec com.android.dreams.basic/10107} BLOCKED
06-12 01:37:47.945   579  1727 I AppsFilter: interaction: PackageSetting{60a45ac com.my.forintern/10195} -> PackageSetting{43abab5 com.google.android.networkstack.tethering.emulator/10056} BLOCKED
06-12 01:37:47.945   579  1727 I AppsFilter: interaction: PackageSetting{60a45ac com.my.forintern/10195} -> PackageSetting{ee2d54a com.android.providers.settings.auto_generated_rro_product__/10051} BLOCKED
06-12 01:37:47.945   579  1727 I AppsFilter: interaction: PackageSetting{60a45ac com.my.forintern/10195} -> PackageSetting{4cd8cbb com.google.android.as.oss/10116} BLOCKED
06-12 01:37:47.945   579  1727 I AppsFilter: interaction: PackageSetting{60a45ac com.my.forintern/10195} -> PackageSetting{815d8 com.android.traceur.auto_generated_rro_product__/10065} BLOCKED
06-12 01:37:47.945   579  1727 I AppsFilter: interaction: PackageSetting{60a45ac com.my.forintern/10195} -> PackageSetting{7294d31 com.google.android.devicelockcontroller/10172} BLOCKED
06-12 01:37:47.945   579  1727 I AppsFilter: interaction: PackageSetting{60a45ac com.my.forintern/10195} -> PackageSetting{700fc16 com.google.android.dialer/10127} BLOCKED
06-12 01:37:47.945   579  1727 I AppsFilter: interaction: PackageSetting{60a45ac com.my.forintern/10195} -> PackageSetting{73e3997 com.android.internal.emulation.pixel_3/10038} BLOCKED
06-12 01:37:47.945   579  1727 I AppsFilter: interaction: PackageSetting{60a45ac com.my.forintern/10195} -> PackageSetting{cd4b784 com.android.internal.emulation.pixel_4/10041} BLOCKED
06-12 01:37:47.945   579  1727 I AppsFilter: interaction: PackageSetting{60a45ac com.my.forintern/10195} -> PackageSetting{a948b6d com.android.internal.emulation.pixel_5/10012} BLOCKED
06-12 01:37:47.945   579  1727 I AppsFilter: interaction: PackageSetting{60a45ac com.my.forintern/10195} -> PackageSetting{708c3a2 com.android.internal.emulation.pixel_6/10055} BLOCKED
06-12 01:37:47.945   579  1727 I AppsFilter: interaction: PackageSetting{60a45ac com.my.forintern/10195} -> PackageSetting{ba2d833 com.android.internal.emulation.pixel_7/10018} BLOCKED
06-12 01:37:47.945   579  1727 I AppsFilter: interaction: PackageSetting{60a45ac com.my.forintern/10195} -> PackageSetting{ca7c7f0 com.android.internal.emulation.pixel_8/10054} BLOCKED
06-12 01:37:47.945   579  1727 I AppsFilter: interaction: PackageSetting{60a45ac com.my.forintern/10195} -> PackageSetting{5fb7169 com.google.android.captiveportallogin/10113} BLOCKED
06-12 01:37:47.945   579  1727 I AppsFilter: interaction: PackageSetting{60a45ac com.my.forintern/10195} -> PackageSetting{8d377ee com.android.musicfx/10087} BLOCKED
06-12 01:37:47.945   579  1727 I AppsFilter: interaction: PackageSetting{60a45ac com.my.forintern/10195} -> PackageSetting{a8c48f com.google.android.apps.docs/10152} BLOCKED
06-12 01:37:47.945   579  1727 I AppsFilter: interaction: PackageSetting{60a45ac com.my.forintern/10195} -> PackageSetting{76436b0 com.google.android.apps.maps/10144} BLOCKED
06-12 01:37:47.945   579  1727 I AppsFilter: interaction: PackageSetting{60a45ac com.my.forintern/10195} -> PackageSetting{959731c com.google.android.modulemetadata/10149} BLOCKED
06-12 01:37:47.945   579  1727 I AppsFilter: interaction: PackageSetting{60a45ac com.my.forintern/10195} -> PackageSetting{fd0bb25 com.google.android.markup/10138} BLOCKED
06-12 01:37:47.945   579  1727 I AppsFilter: interaction: PackageSetting{60a45ac com.my.forintern/10195} -> PackageSetting{88324fa com.android.providers.settings.auto_generated_rro_vendor__/10080} BLOCKED
06-12 01:37:47.945   579  1727 I AppsFilter: interaction: PackageSetting{60a45ac com.my.forintern/10195} -> PackageSetting{8771aab com.google.android.webview/10133} BLOCKED
06-12 01:37:47.945   579  1727 I AppsFilter: interaction: PackageSetting{60a45ac com.my.forintern/10195} -> PackageSetting{18a508 com.google.android.rkpdapp/10178} BLOCKED
06-12 01:37:47.945   579  1727 I AppsFilter: interaction: PackageSetting{60a45ac com.my.forintern/10195} -> PackageSetting{8f6e4a1 com.google.android.contacts/10137} BLOCKED
06-12 01:37:47.945   579  1727 I AppsFilter: interaction: PackageSetting{60a45ac com.my.forintern/10195} -> PackageSetting{4e96c6 com.android.server.telecom.auto_generated_rro_product__/10032} BLOCKED
06-12 01:37:47.945   579  1727 I AppsFilter: interaction: PackageSetting{60a45ac com.my.forintern/10195} -> PackageSetting{68ab687 com.google.android.overlay.googleconfig/10004} BLOCKED
06-12 01:37:47.945   579  1727 I AppsFilter: interaction: PackageSetting{60a45ac com.my.forintern/10195} -> PackageSetting{1709b4 com.android.chrome/10143} BLOCKED
06-12 01:37:47.945   579  1727 I AppsFilter: interaction: PackageSetting{60a45ac com.my.forintern/10195} -> PackageSetting{3fc29dd com.android.bips.auto_generated_rro_product__/10013} BLOCKED
06-12 01:37:47.945   579  1727 I AppsFilter: interaction: PackageSetting{60a45ac com.my.forintern/10195} -> PackageSetting{50d5952 com.google.android.apps.customization.pixel/10150} BLOCKED
06-12 01:37:47.945   579  1727 I AppsFilter: interaction: PackageSetting{60a45ac com.my.forintern/10195} -> PackageSetting{f523423 com.google.android.tag/10086} BLOCKED
06-12 01:37:47.945   579  1727 I AppsFilter: interaction: PackageSetting{60a45ac com.my.forintern/10195} -> PackageSetting{7f50d20 com.google.android.overlay.permissioncontroller/10064} BLOCKED
06-12 01:37:47.945   579  1727 I AppsFilter: interaction: PackageSetting{60a45ac com.my.forintern/10195} -> PackageSetting{41686d9 com.google.android.partnersetup/10128} BLOCKED
06-12 01:37:47.945   579  1727 I AppsFilter: interaction: PackageSetting{60a45ac com.my.forintern/10195} -> PackageSetting{f83b89e com.google.android.apps.wallpaper.nexus/10135} BLOCKED
06-12 01:37:47.945   579  1727 I AppsFilter: interaction: PackageSetting{60a45ac com.my.forintern/10195} -> PackageSetting{589ef7f com.google.android.apps.nexuslauncher/10160} BLOCKED
06-12 01:37:47.946   579  1727 I AppsFilter: interaction: PackageSetting{60a45ac com.my.forintern/10195} -> PackageSetting{deddb4c com.google.android.nearby.halfsheet/10175} BLOCKED
06-12 01:37:47.946   579  1727 I AppsFilter: interaction: PackageSetting{60a45ac com.my.forintern/10195} -> PackageSetting{fdfb795 com.android.theme.font.notoserifsource/10053} BLOCKED
06-12 01:37:47.946   579  1727 I AppsFilter: interaction: PackageSetting{60a45ac com.my.forintern/10195} -> PackageSetting{e6ec0aa com.google.android.safetycenter.resources/10188} BLOCKED
06-12 01:37:47.946   579  1727 I AppsFilter: interaction: PackageSetting{60a45ac com.my.forintern/10195} -> PackageSetting{158049b com.android.internal.display.cutout.emulation.waterfall/10057} BLOCKED
06-12 01:37:47.946   579  1727 I AppsFilter: interaction: PackageSetting{60a45ac com.my.forintern/10195} -> PackageSetting{ec36038 com.android.internal.systemui.navbar.transparent/10016} BLOCKED
06-12 01:37:47.946   579  1727 I AppsFilter: interaction: PackageSetting{60a45ac com.my.forintern/10195} -> PackageSetting{3d13811 com.google.android.connectivity.resources/10174} BLOCKED
06-12 01:37:47.946   579  1727 I AppsFilter: interaction: PackageSetting{60a45ac com.my.forintern/10195} -> PackageSetting{d503d76 com.android.providers.contacts.auto_generated_rro_product__/10023} BLOCKED
06-12 01:37:47.946   579  1727 I AppsFilter: interaction: PackageSetting{60a45ac com.my.forintern/10195} -> PackageSetting{d284f77 com.google.android.feedback/10166} BLOCKED
06-12 01:37:47.946   579  1727 I AppsFilter: interaction: PackageSetting{60a45ac com.my.forintern/10195} -> PackageSetting{f6a47e4 com.google.android.printservice.recommendation/10100} BLOCKED
06-12 01:37:47.946   579  1727 I AppsFilter: interaction: PackageSetting{60a45ac com.my.forintern/10195} -> PackageSetting{80444d com.google.android.apps.photos/10148} BLOCKED
06-12 01:37:47.946   579  1727 I AppsFilter: interaction: PackageSetting{60a45ac com.my.forintern/10195} -> PackageSetting{5c3ba44 com.google.android.calendar/10136} BLOCKED
06-12 01:37:47.946   579  1727 I AppsFilter: interaction: PackageSetting{60a45ac com.my.forintern/10195} -> PackageSetting{bfabb02 com.google.android.documentsui/10098} BLOCKED
06-12 01:37:47.946   579  1727 I AppsFilter: interaction: PackageSetting{60a45ac com.my.forintern/10195} -> PackageSetting{4486c13 com.android.systemui.emulation.pixel_3a_xl/10044} BLOCKED
06-12 01:37:47.946   579  1727 I AppsFilter: interaction: PackageSetting{60a45ac com.my.forintern/10195} -> PackageSetting{d75fe50 com.android.systemui.emulation.pixel_6_pro/10052} BLOCKED
06-12 01:37:47.946   579  1727 I AppsFilter: interaction: PackageSetting{60a45ac com.my.forintern/10195} -> PackageSetting{99d849 com.android.systemui.emulation.pixel_7_pro/10003} BLOCKED
06-12 01:37:47.946   579  1727 I AppsFilter: interaction: PackageSetting{60a45ac com.my.forintern/10195} -> PackageSetting{2dd854e com.android.systemui.emulation.pixel_8_pro/10024} BLOCKED
06-12 01:37:47.946   579  1727 I AppsFilter: interaction: PackageSetting{60a45ac com.my.forintern/10195} -> PackageSetting{f43b66f com.google.mainline.telemetry/10146} BLOCKED
06-12 01:37:47.946   579  1727 I AppsFilter: interaction: PackageSetting{60a45ac com.my.forintern/10195} -> PackageSetting{a44af7c com.android.carrierconfig.auto_generated_rro_product__/10025} BLOCKED
06-12 01:37:47.946   579  1727 I AppsFilter: interaction: PackageSetting{60a45ac com.my.forintern/10195} -> PackageSetting{29eb005 com.android.providers.partnerbookmarks/10110} BLOCKED
06-12 01:37:47.946   579  1727 I AppsFilter: interaction: PackageSetting{60a45ac com.my.forintern/10195} -> PackageSetting{10a85a com.android.wallpaper.livepicker/10090} BLOCKED
06-12 01:37:47.946   579  1727 I AppsFilter: interaction: PackageSetting{60a45ac com.my.forintern/10195} -> PackageSetting{9ff4a8b com.android.providers.telephony.auto_generated_rro_product__/10000} BLOCKED
06-12 01:37:47.946   579  1727 I AppsFilter: interaction: PackageSetting{60a45ac com.my.forintern/10195} -> PackageSetting{ceb4768 com.android.phone.auto_generated_rro_vendor__/10077} BLOCKED
06-12 01:37:47.946   579  1727 I AppsFilter: interaction: PackageSetting{60a45ac com.my.forintern/10195} -> PackageSetting{25f4781 com.google.mainline.adservices/10145} BLOCKED
06-12 01:37:47.946   579  1727 I AppsFilter: interaction: PackageSetting{60a45ac com.my.forintern/10195} -> PackageSetting{920f026 com.android.imsserviceentitlement/10124} BLOCKED
06-12 01:37:47.946   579  1727 I AppsFilter: interaction: PackageSetting{60a45ac com.my.forintern/10195} -> PackageSetting{f960467 com.google.android.healthconnect.controller/10185} BLOCKED
06-12 01:37:47.946   579  1727 I AppsFilter: interaction: PackageSetting{60a45ac com.my.forintern/10195} -> PackageSetting{6e17214 com.android.internal.emulation.pixel_2_xl/10058} BLOCKED
06-12 01:37:47.946   579  1727 I AppsFilter: interaction: PackageSetting{60a45ac com.my.forintern/10195} -> PackageSetting{e37dabd com.android.internal.emulation.pixel_3_xl/10062} BLOCKED
06-12 01:37:47.946   579  1727 I AppsFilter: interaction: PackageSetting{60a45ac com.my.forintern/10195} -> PackageSetting{d9be8b2 com.android.internal.emulation.pixel_4_xl/10037} BLOCKED
06-12 01:37:47.946   579  1727 I AppsFilter: interaction: PackageSetting{60a45ac com.my.forintern/10195} -> PackageSetting{7f48003 com.android.internal.emulation.pixel_fold/10005} BLOCKED
06-12 01:37:47.946   579  1727 I AppsFilter: interaction: PackageSetting{60a45ac com.my.forintern/10195} -> PackageSetting{504a68d com.example.chatapplication/10192} BLOCKED
06-12 01:37:47.946   579  1727 I AppsFilter: interaction: PackageSetting{60a45ac com.my.forintern/10195} -> PackageSetting{76d9b80 com.android.bookmarkprovider/10099} BLOCKED
06-12 01:37:47.946   579  1727 I AppsFilter: interaction: PackageSetting{60a45ac com.my.forintern/10195} -> PackageSetting{40c65b9 com.google.android.overlay.pixelconfigcommon/10039} BLOCKED
06-12 01:37:47.946   579  1727 I AppsFilter: interaction: PackageSetting{60a45ac com.my.forintern/10195} -> PackageSetting{65bddfe com.android.systemui.accessibility.accessibilitymenu.auto_generated_rro_product__/10028} BLOCKED
06-12 01:37:47.946   579  1727 I AppsFilter: interaction: PackageSetting{60a45ac com.my.forintern/10195} -> PackageSetting{335195f com.android.systemui.emulation.pixel_3a/10030} BLOCKED
06-12 01:37:47.946   579  1727 I AppsFilter: interaction: PackageSetting{60a45ac com.my.forintern/10195} -> PackageSetting{9d0efac com.android.systemui.emulation.pixel_4a/10006} BLOCKED
06-12 01:37:47.946   579  1727 I AppsFilter: interaction: PackageSetting{60a45ac com.my.forintern/10195} -> PackageSetting{204a475 com.android.systemui.emulation.pixel_6a/10026} BLOCKED
06-12 01:37:47.946   579  1727 I AppsFilter: interaction: PackageSetting{60a45ac com.my.forintern/10195} -> PackageSetting{d93dc0a com.android.systemui.emulation.pixel_7a/10047} BLOCKED
06-12 01:37:47.946   579  1727 I AppsFilter: interaction: PackageSetting{60a45ac com.my.forintern/10195} -> PackageSetting{ebbec7b com.google.android.settings.intelligence/10123} BLOCKED
06-12 01:37:47.946   579  1727 I AppsFilter: interaction: PackageSetting{60a45ac com.my.forintern/10195} -> PackageSetting{8188537 com.google.android.projection.gearhead/10122} BLOCKED
06-12 01:37:47.946   579  1727 I AppsFilter: interaction: PackageSetting{60a45ac com.my.forintern/10195} -> PackageSetting{a335a98 com.google.android.uwb.resources/10187} BLOCKED
06-12 01:37:47.946   579  1727 I AppsFilter: interaction: PackageSetting{60a45ac com.my.forintern/10195} -> PackageSetting{a91aaa4 com.android.cts.ctsshim/10170} BLOCKED
06-12 01:37:47.946   579  1727 I AppsFilter: interaction: PackageSetting{60a45ac com.my.forintern/10195} -> PackageSetting{70812f1 com.google.android.wifi.resources/10179} BLOCKED
06-12 01:37:47.946   579  1727 I AppsFilter: interaction: PackageSetting{60a45ac com.my.forintern/10195} -> PackageSetting{b9baed6 com.google.android.wifi.dialog/10180} BLOCKED
06-12 01:37:47.946   579  1727 I AppsFilter: interaction: PackageSetting{60a45ac com.my.forintern/10195} -> PackageSetting{18ed7b7 com.my.intern/10196} BLOCKED
06-12 01:37:47.946   579  1727 I AppsFilter: interaction: PackageSetting{60a45ac com.my.forintern/10195} -> PackageSetting{12d557 com.google.android.apps.wallpaper/10167} BLOCKED
06-12 01:37:47.946   579  1727 I AppsFilter: interaction: PackageSetting{60a45ac com.my.forintern/10195} -> PackageSetting{d4f8844 com.google.android.odad/10119} BLOCKED
06-12 01:37:47.946   579  1727 I AppsFilter: interaction: PackageSetting{60a45ac com.my.forintern/10195} -> PackageSetting{ef9ed2d com.android.settings.auto_generated_rro_product__/10067} BLOCKED
06-12 01:37:47.946   579  1727 I AppsFilter: interaction: PackageSetting{60a45ac com.my.forintern/10195} -> PackageSetting{47be262 com.android.internal.systemui.navbar.gestural/10045} BLOCKED
06-12 01:37:47.946   579  1727 I AppsFilter: interaction: PackageSetting{60a45ac com.my.forintern/10195} -> PackageSetting{1856ff3 com.google.android.apps.youtube.music/10153} BLOCKED
06-12 01:37:47.946   579  1727 I AppsFilter: interaction: PackageSetting{60a45ac com.my.forintern/10195} -> PackageSetting{6dee4b0 com.android.bluetoothmidiservice/10103} BLOCKED
06-12 01:37:47.946   579  1727 I AppsFilter: interaction: PackageSetting{60a45ac com.my.forintern/10195} -> PackageSetting{6b52f29 com.android.storagemanager.auto_generated_rro_product__/10069} BLOCKED
06-12 01:37:47.946   579  1727 I AppsFilter: interaction: PackageSetting{60a45ac com.my.forintern/10195} -> PackageSetting{239c2ae com.google.android.cellbroadcastreceiver/10168} BLOCKED
06-12 01:37:47.946   579  1727 I AppsFilter: interaction: PackageSetting{60a45ac com.my.forintern/10195} -> PackageSetting{c7d184f com.android.phone.auto_generated_rro_product__/10070} BLOCKED
06-12 01:37:47.946   579  1727 I AppsFilter: interaction: PackageSetting{60a45ac com.my.forintern/10195} -> PackageSetting{ac59bdc android.auto_generated_rro_product__/10046} BLOCKED
06-12 01:37:47.946   579  1727 I AppsFilter: interaction: PackageSetting{60a45ac com.my.forintern/10195} -> PackageSetting{3c894e5 com.android.internal.systemui.navbar.gestural_narrow_back/10035} BLOCKED
06-12 01:37:47.946   579  1727 I AppsFilter: interaction: PackageSetting{60a45ac com.my.forintern/10195} -> PackageSetting{7e35bba com.google.android.inputmethod.latin/10154} BLOCKED
06-12 01:37:47.946   579  1727 I AppsFilter: interaction: PackageSetting{60a45ac com.my.forintern/10195} -> PackageSetting{d9cea6b android.auto_generated_rro_vendor__/10075} BLOCKED
06-12 01:37:47.946   579  1727 I AppsFilter: interaction: PackageSetting{60a45ac com.my.forintern/10195} -> PackageSetting{4fe99c8 com.google.android.apps.restore/10120} BLOCKED
06-12 01:37:47.981  5114  5209 I Finsky  : [51] WM::SCH: Logging work initialize for 12-1
06-12 01:37:47.986  5114  5229 I Finsky  : [61] SCH: Scheduling phonesky job Id: 12-1, CT: 1781208467698, Constraints: [{ L: 15000, D: 86400000, C: CHARGING_NONE, I: IDLE_NONE, N: NET_ANY, B: BATTERY_ANY }]
06-12 01:37:47.987  5154  5154 D FirebaseSessions: Initializing Firebase Sessions 3.0.6.
06-12 01:37:47.987  5114  5230 I Finsky  : [62] SCH: Scheduling 1 system job(s)
06-12 01:37:47.988  5114  5230 D CompatibilityChangeReporter: Compat change id reported: 194532703; UID 10130; state: ENABLED
06-12 01:37:47.988  5114  5230 D CompatibilityChangeReporter: Compat change id reported: 253665015; UID 10130; state: ENABLED
06-12 01:37:47.988  5114  5230 I Finsky  : [62] SCH: Scheduling system job Id: 9527, L: 14710, D: 64298038, C: false, I: false, N: 1
06-12 01:37:47.988   579  1904 D CompatibilityChangeReporter: Compat change id reported: 271850009; UID 10130; state: ENABLED
06-12 01:37:47.988   579  1904 D CompatibilityChangeReporter: Compat change id reported: 253665015; UID 10130; state: ENABLED
06-12 01:37:47.988   579  1904 D CompatibilityChangeReporter: Compat change id reported: 194532703; UID 10130; state: ENABLED
06-12 01:37:47.996  5114  5211 I Finsky  : [53] [ContentSync] finished, scheduled=true
06-12 01:37:47.999  5154  5154 I FirebaseInitProvider: FirebaseApp initialization successful
06-12 01:37:48.009  5154  5342 I FirebaseCrashlytics: Saved version control info
06-12 01:37:48.013  5178  5326 D CompatibilityChangeReporter: Compat change id reported: 160794467; UID 10121; state: ENABLED
06-12 01:37:48.021   579  1727 I ActivityManager: Flag disabled. Ignoring finishAttachApplication from uid: 10195. pid: 5154
06-12 01:37:48.025   579  1727 D CompatibilityChangeReporter: Compat change id reported: 261072174; UID 10195; state: ENABLED
06-12 01:37:48.050  5154  5343 D FirebaseSessions: Notified CRASHLYTICS of new session 8eb37ce6b4fc4a35bb1e9e5040532c87
06-12 01:37:48.052  1328  1750 I PhenotypeResourceReader: unable to find any Phenotype resource metadata for com.my.forintern
06-12 01:37:48.065  5154  5363 W om.my.forintern: Accessing hidden method Ldalvik/system/VMStack;->getStackClass2()Ljava/lang/Class; (unsupported, reflection, allowed)
06-12 01:37:48.078  5154  5363 I PhClient: Shared storage file not found for com.google.android.gms.measurement#com.my.forintern
06-12 01:37:48.090  5154  5354 E om.my.forintern: No package ID 6a found for resource ID 0x6a0b0013.
06-12 01:37:48.091  5154  5354 I FA      : App measurement initialized, version: 167000
06-12 01:37:48.091  5154  5354 I FA      : To enable debug logging run: adb shell setprop log.tag.FA VERBOSE
06-12 01:37:48.091  5154  5354 I FA      : To enable faster debug mode event logging run:
06-12 01:37:48.091  5154  5354 I FA      :   adb shell setprop debug.firebase.analytics.app com.my.forintern
06-12 01:37:48.101  5154  5358 D libEGL  : loaded /vendor/lib64/egl/libEGL_emulation.so
06-12 01:37:48.103  5154  5358 D libEGL  : loaded /vendor/lib64/egl/libGLESv1_CM_emulation.so
06-12 01:37:48.106  5154  5358 D libEGL  : loaded /vendor/lib64/egl/libGLESv2_emulation.so
06-12 01:37:48.115  5154  5154 D FirebaseSessions: App foregrounded on com.my.forintern
06-12 01:37:48.115  5154  5154 D FirebaseSessions: Process com.my.forintern is stale
06-12 01:37:48.122  5154  5154 D CompatibilityChangeReporter: Compat change id reported: 237531167; UID 10195; state: DISABLED
06-12 01:37:48.129  5154  5154 W OpenGLRenderer: Unknown dataspace 0
06-12 01:37:48.130  5154  5341 D FirebaseSessions: Cold app start detected
06-12 01:37:48.130  5154  5341 D FirebaseSessions: Process com.my.forintern is stale
06-12 01:37:48.146  5154  5342 D FirebaseSessions: Session Event Type: SESSION_START
06-12 01:37:48.152  1775  1775 D BoundBrokerSvc: onBind: Intent { act=com.google.android.gms.measurement.START pkg=com.google.android.gms }
06-12 01:37:48.152  1775  1775 D BoundBrokerSvc: Loading bound service for intent: Intent { act=com.google.android.gms.measurement.START pkg=com.google.android.gms }
06-12 01:37:48.152  5154  5341 D FirebaseSessions: Notified CRASHLYTICS of new session 056c7bc07d8642fca96a8033b9935ce4
06-12 01:37:48.154  5154  5342 D FirebaseSessions: Successfully logged Session Start event.
06-12 01:37:48.170  5154  5354 I FA      : Tag Manager is not found and thus will not be used
06-12 01:37:48.176  5154  5336 D CompatibilityChangeReporter: Compat change id reported: 194532703; UID 10195; state: ENABLED
06-12 01:37:48.176  5154  5336 D CompatibilityChangeReporter: Compat change id reported: 253665015; UID 10195; state: ENABLED
06-12 01:37:48.177   579  1904 D CompatibilityChangeReporter: Compat change id reported: 271850009; UID 10195; state: ENABLED
06-12 01:37:48.177   579  1904 D CompatibilityChangeReporter: Compat change id reported: 253665015; UID 10195; state: ENABLED
06-12 01:37:48.177   579  1904 D CompatibilityChangeReporter: Compat change id reported: 194532703; UID 10195; state: ENABLED
06-12 01:37:48.280  5154  5154 W om.my.forintern: Accessing hidden method Landroid/os/SystemProperties;->addChangeCallback(Ljava/lang/Runnable;)V (unsupported, reflection, allowed)
06-12 01:37:48.361   579   998 D CoreBackPreview: Window{d10cfc8 u0 com.my.forintern/com.my.forintern.MainActivity}: Setting back callback OnBackInvokedCallbackInfo{mCallback=android.window.IOnBackInvokedCallback$Stub$Proxy@6b1f299, mPriority=0, mIsAnimationCallback=false}
06-12 01:37:48.435   821   907 D EGL_emulation: app_time_stats: avg=11.20ms min=1.13ms max=33.07ms count=58
06-12 01:37:48.539   408   443 W ServiceManagerCppClient: Permission failure: android.permission.ROTATE_SURFACE_FLINGER from uid=10195 pid=0
06-12 01:37:48.540   408   443 D PermissionCache: checking android.permission.ROTATE_SURFACE_FLINGER for uid=10195 => denied (248 us)
06-12 01:37:48.540   408   443 W ServiceManagerCppClient: Permission failure: android.permission.INTERNAL_SYSTEM_WINDOW from uid=10195 pid=0
06-12 01:37:48.540   408   443 D PermissionCache: checking android.permission.INTERNAL_SYSTEM_WINDOW for uid=10195 => denied (77 us)
06-12 01:37:48.540   408   443 W ServiceManagerCppClient: Permission failure: android.permission.ACCESS_SURFACE_FLINGER from uid=10195 pid=0
06-12 01:37:48.540   408   443 D PermissionCache: checking android.permission.ACCESS_SURFACE_FLINGER for uid=10195 => denied (95 us)
06-12 01:37:48.550  5154  5355 W OpenGLRenderer: Failed to initialize 101010-2 format, error = EGL_SUCCESS
06-12 01:37:48.598   163   163 I hwservicemanager: getTransport: Cannot find entry android.hardware.graphics.mapper@4.0::IMapper/default in either framework or device VINTF manifest.
06-12 01:37:48.598  5154  5355 I Gralloc4: mapper 4.x is not supported
06-12 01:37:48.879   579   998 W ServiceManagerCppClient: Permission failure: android.permission.ROTATE_SURFACE_FLINGER from uid=10195 pid=0
06-12 01:37:48.879   579   998 D PermissionCache: checking android.permission.ROTATE_SURFACE_FLINGER for uid=10195 => denied (369 us)
06-12 01:37:48.879   579   998 W ServiceManagerCppClient: Permission failure: android.permission.INTERNAL_SYSTEM_WINDOW from uid=10195 pid=0
06-12 01:37:48.879   579   998 D PermissionCache: checking android.permission.INTERNAL_SYSTEM_WINDOW for uid=10195 => denied (42 us)
06-12 01:37:48.879   579   998 W ServiceManagerCppClient: Permission failure: android.permission.ACCESS_SURFACE_FLINGER from uid=10195 pid=0
06-12 01:37:48.879   579   998 D PermissionCache: checking android.permission.ACCESS_SURFACE_FLINGER for uid=10195 => denied (12 us)
06-12 01:37:48.898   579   595 W ziparchive: Unable to open '/data/app/~~ccFqzwYxj5W3xcURRO8l4A==/com.my.forintern-6MEHospkHl8rOi3dFtH1yA==/base.dm': No such file or directory
06-12 01:37:48.899  5154  5182 I OpenGLRenderer: Davey! duration=861ms; Flags=1, FrameTimelineVsyncId=261131, IntendedVsync=632017537894, Vsync=632134204556, InputEventId=0, HandleInputStart=632141961224, AnimationStart=632141964748, PerformTraversalsStart=632142087184, DrawStart=632638626115, FrameDeadline=632034204560, FrameInterval=632141788908, FrameStartTime=16666666, SyncQueued=632655560053, SyncStart=632657002487, IssueDrawCommandsStart=632657905384, SwapBuffers=632783508283, FrameCompleted=632880693854, DequeueBufferDuration=5186, QueueBufferDuration=325416, GpuCompleted=632880693854, SwapBuffersCompleted=632874100650, DisplayPresentTime=0, CommandSubmissionCompleted=632783508283, 
06-12 01:37:48.900  5154  5154 I Choreographer: Skipped 42 frames!  The application may be doing too much work on its main thread.
06-12 01:37:48.905   579   595 I ActivityTaskManager: Displayed com.my.forintern/.MainActivity for user 0: +2s153ms
06-12 01:37:48.935  1328  2117 I FontLog : (REDACTED) Received query %s, URI %s
06-12 01:37:48.936   579   998 D CompatibilityChangeReporter: Compat change id reported: 214016041; UID 10195; state: ENABLED
06-12 01:37:48.936  1328  2117 I FontLog : (REDACTED) Query [%s] resolved to %s
06-12 01:37:48.937   579   998 I ImeTracker: com.my.forintern:97318828: onRequestHide at ORIGIN_SERVER_HIDE_INPUT reason HIDE_UNSPECIFIED_WINDOW
06-12 01:37:48.937   579   998 I ImeTracker: com.my.forintern:97318828: onCancelled at PHASE_SERVER_SHOULD_HIDE
06-12 01:37:48.958  1328  2117 I FontLog : (REDACTED) Fetch %s end status %s
06-12 01:37:48.962  1491  1491 I GoogleInputMethodService: GoogleInputMethodService.onFinishInput():2259 
06-12 01:37:48.962  1328  2117 I FontLog : (REDACTED) Pulling font file for id = %d, cache size = %d
06-12 01:37:48.967  1775  5376 D AdvertisingIdClient: AdvertisingIdClient already created.
06-12 01:37:48.968  1775  5376 D AdvertisingIdClient: AdvertisingIdClient is not bounded. Starting to bind it...
06-12 01:37:48.968  1491  1491 I Module  : DeviceLockedStatusModuleProvider$Module.updateDeviceLockedStatusInternal():127 repeatCheckTimes = 0, locked = false
06-12 01:37:48.981  1099  1099 I ActivityThread: Schedule relaunch activity: com.google.android.apps.nexuslauncher.NexusLauncherActivity
06-12 01:37:48.988  2099  2099 I bynm    : onStop
06-12 01:37:49.007  1775  5376 D AdvertisingIdClient: AdvertisingIdClient is bounded
06-12 01:37:49.007  1099  1194 I ImeTracker: com.google.android.apps.nexuslauncher:eb7fd9fe: onRequestHide at ORIGIN_CLIENT_HIDE_SOFT_INPUT reason HIDE_SOFT_INPUT
06-12 01:37:49.008  1099  1099 D b/254119092: clearActivity
06-12 01:37:49.008  1099  1099 D b/254119092: mActivity and mContext agree taskbarIsPresent=false
06-12 01:37:49.008  1099  1194 I ImeTracker: com.google.android.apps.nexuslauncher:eb7fd9fe: onFailed at PHASE_CLIENT_VIEW_SERVED
06-12 01:37:49.009  1491  1491 I GoogleInputMethodService: GoogleInputMethodService.onStartInput():1446 onStartInput(EditorInfo{EditorInfo{packageName=com.my.forintern, inputType=0, inputTypeString=NULL, enableLearning=false, autoCorrection=false, autoComplete=false, imeOptions=0, privateImeOptions=null, actionName=UNSPECIFIED, actionLabel=null, initialSelStart=-1, initialSelEnd=-1, initialCapsMode=0, label=null, fieldId=0, fieldName=null, extras=null, hintText=null, hintLocales=[]}}, false)
06-12 01:37:49.017   579  1727 D SearchUiPerUserService: Removing callback for session Id=com.google.android.apps.nexuslauncher:1c36e1cd-02e3-490f-8abf-e019e74853a0,0 and callback=android.os.BinderProxy@9a6231a
06-12 01:37:49.017   579  1904 D SearchUiPerUserService: Removing all callbacks for session Id=com.google.android.apps.nexuslauncher:1c36e1cd-02e3-490f-8abf-e019e74853a0,0 and 0 callbacks.
06-12 01:37:49.018  1099  1099 D AutofillManager: view is not autofillable - activity denied for autofill
06-12 01:37:49.018  1491  1491 W AndroidIME: LatinIMEBase.updateInputViewCoverNavigation():326 Null input view, cannot update padding!
06-12 01:37:49.021  1099  1099 W WindowOnBackDispatcher: sendCancelIfRunning: isInProgress=falsecallback=android.view.ViewRootImpl$$ExternalSyntheticLambda17@3a1238a
06-12 01:37:49.025   579  1727 D CoreBackPreview: Window{9fe2598 u0 com.google.android.apps.nexuslauncher/com.google.android.apps.nexuslauncher.NexusLauncherActivity}: Setting back callback null
06-12 01:37:49.025  1099  1099 W WindowOnBackDispatcher: OnBackInvokedCallback is not enabled for the application.
06-12 01:37:49.025  1099  1099 W WindowOnBackDispatcher: Set 'android:enableOnBackInvokedCallback="true"' in the application manifest.
06-12 01:37:49.034  1328  2870 I FontLog : (REDACTED) Pulling font file for id = %d, cache size = %d
06-12 01:37:49.042   821   907 D EGL_emulation: app_time_stats: avg=245.42ms min=5.13ms max=1807.91ms count=8
06-12 01:37:49.068  1491  1491 I Module  : DeviceLockedStatusModuleProvider$Module.updateDeviceLockedStatusInternal():127 repeatCheckTimes = 1, locked = false
06-12 01:37:49.068  1491  1491 W NotificationCenter: NotificationCenter$NotificationQueue.notifyPendingNotificationsOnExecutor():877 Heavy notify work detected on UI thread: [nqx->lee, nqx->lee, nqx->lee, nqx->lhb, nqx->lee, nqx->hyj, nqx->gwb, nqx->lee, nqx->lbi, nqx->lee, nqx->gyz, nqx->pzi, nqx->lee, nqx->lee, nqx->npy, nqx->moi, nqx->npo, nqx->lee, nqx->lee] takes 50ms
06-12 01:37:49.073  1328  1328 D BoundBrokerSvc: onRebind: Intent { act=com.google.android.gms.common.telemetry.service.START dat=chimera-action:/... cmp=com.google.android.gms/.chimera.PersistentApiService }
06-12 01:37:49.076  1775  5376 I AdvertisingIdClient: shouldSendLog 25191
06-12 01:37:49.076  1775  5376 I AdvertisingIdClient: GetInfoInternal elapse 109ms
06-12 01:37:49.077   579  1904 W PackageConfigPersister: App-specific configuration not found for packageName: com.my.forintern and userId: 0
06-12 01:37:49.091  1099  1194 I AiAiSuggestUi: Connecting to system intelligence module.
06-12 01:37:49.101  1099  1395 I AiAiSuggestUi: Successfully connected to system intelligence: 
06-12 01:37:49.124  1099  1099 D DeviceSearchAlg: search timeout = %d200
06-12 01:37:49.128  1328  1328 D BoundBrokerSvc: onRebind: Intent { act=com.google.android.gms.presencemanager.service.START dat=chimera-action:/... cmp=com.google.android.gms/.chimera.PersistentApiService }
06-12 01:37:49.129  1099  1099 W PageIndicator: Total number of pages invalid: 0. Assuming 1 page.
06-12 01:37:49.130  1099  1099 W BcSmartspaceView: Current card is not present in the Adapter; cannot log.
06-12 01:37:49.136  1099  1099 I OverviewComponentObserver: updateOverviewTargets: mIsHomeDisabled=false, isDefaultHomeNull=false, mIsDefaultHome=true
06-12 01:37:49.151  1328  1328 D BoundBrokerSvc: onRebind: Intent { act=com.google.android.gms.presencemanager.service.INTERNAL_IDENTITY dat=chimera-action:/... cmp=com.google.android.gms/.chimera.PersistentApiService }
06-12 01:37:49.163   579  1727 D SearchUiPerUserService: Creating SearchSessionInfo for session Id=com.google.android.apps.nexuslauncher:41dcf51d-ce4a-4977-9e95-c884eba2874a,0
06-12 01:37:49.164   579  1727 D SearchUiPerUserService: Storing callback for session Id=com.google.android.apps.nexuslauncher:41dcf51d-ce4a-4977-9e95-c884eba2874a,0 and callback=android.os.BinderProxy@bb01558
06-12 01:37:49.164  1542  1542 I AiAiEcho: SearchContextManagerImpl::setSearchContext resultTypes=[141151] extras=[Bundle[mParcelledData.dataSize=684]] sessionId=[com.google.android.apps.nexuslauncher:41dcf51d-ce4a-4977-9e95-c884eba2874a,0]
06-12 01:37:49.165  1099  1194 D SearchTargetUtil:  query= size=1
06-12 01:37:49.165  1099  1194 D SearchTargetUtil: layoutType=icon_row resultType=4096 packageName= extras=Bundle{icon_container_enabled=true,zero_state_all_apps_web_suggest_count=3,rank=1.0,key_ipc_start=633162,hide_subtitle=true,zero_state_qsb_web_suggest_count=10,}ParentID: null targetID: SESSION_INFO:0::zero_state_flags
06-12 01:37:49.172  1099  1099 D AutofillManager: view is not autofillable - activity denied for autofill
06-12 01:37:49.180  2099  2099 I byne    : (REDACTED) Dismissing old window %s
06-12 01:37:49.180  2099  2099 I byne    : Disabling window touch for binder managed window
06-12 01:37:49.180  1099  1099 I ContentCaptureHelper: Setting logging level to OFF
06-12 01:37:49.190  1099  1194 I ImeTracker: com.google.android.apps.nexuslauncher:c256664: onRequestHide at ORIGIN_CLIENT_HIDE_SOFT_INPUT reason HIDE_SOFT_INPUT
06-12 01:37:49.190  1099  1194 I ImeTracker: com.google.android.apps.nexuslauncher:c256664: onFailed at PHASE_CLIENT_VIEW_SERVED
06-12 01:37:49.194  1099  1194 I ImeTracker: com.google.android.apps.nexuslauncher:4d2dc1df: onRequestHide at ORIGIN_CLIENT_HIDE_SOFT_INPUT reason HIDE_SOFT_INPUT
06-12 01:37:49.194  1099  1194 I ImeTracker: com.google.android.apps.nexuslauncher:4d2dc1df: onFailed at PHASE_CLIENT_VIEW_SERVED
06-12 01:37:49.194  2099  2099 I byne    : (REDACTED) Created new binder managed window %s
06-12 01:37:49.194  2099  2099 I byne    : (REDACTED) WindowRefsActive: %d, TouchableWindowRefsActive: %b
06-12 01:37:49.199  2099  2099 I bynm    : (REDACTED) MinusoneConfigDbg windowAttached config=%s
06-12 01:37:49.199  2099  2099 I bynm    : (REDACTED) windowAttached start logFlowId=%s, configuration=%s, acetoneState=%s, overlayWindow=%s, fragmentHost=%s, binderManagedWindow=%s, params=%s
06-12 01:37:49.202  2099  2099 I bynm    : (REDACTED) configuration changed from %s -> %s
06-12 01:37:49.202  2099  2099 I bynm    : (REDACTED) onDestroy: isRecreating: %s
06-12 01:37:49.202  2099  2099 W WindowOnBackDispatcher: sendCancelIfRunning: isInProgress=falsecallback=android.view.ViewRootImpl$$ExternalSyntheticLambda17@615c24
06-12 01:37:49.206   579  1904 D CoreBackPreview: Window{b4c9e60 u0 GoogleDiscoverWindow}: Setting back callback null
06-12 01:37:49.217  1099  1099 W BcSmartspaceCard: No title view to update
06-12 01:37:49.218  1099  1099 I BcSmartspaceCard: setFormattedContentDescription: text=null, iconDescription=null, contentDescription=null
06-12 01:37:49.241  1099  1099 W TextView: onProvideContentCaptureStructure(): calling assumeLayout()
06-12 01:37:49.250  1099  1099 D TISBindHelper: TIS service connected
06-12 01:37:49.250  1099  1099 D b/254119092: Set mActivity=com.google.android.apps.nexuslauncher.NexusLauncherActivity@3f0756f
06-12 01:37:49.250  1099  1099 D b/254119092: mActivity and mContext agree taskbarIsPresent=false
06-12 01:37:49.252   579  1904 I ActivityTaskManager: Activity reported stop, but no longer stopping: ActivityRecord{28f372e u0 com.google.android.apps.nexuslauncher/.NexusLauncherActivity t78} STOPPED
06-12 01:37:49.325   579  1904 W InputManager-JNI: Input channel object 'b4c9e60 GoogleDiscoverWindow (client)' was disposed without first being removed with the input manager!
06-12 01:37:49.332   821   883 W WindowOnBackDispatcher: sendCancelIfRunning: isInProgress=falsecallback=android.view.ViewRootImpl$$ExternalSyntheticLambda17@3d55d98
06-12 01:37:49.333   579   998 W InputManager-JNI: Input channel object 'd973327 Splash Screen com.my.forintern (client)' was disposed without first being removed with the input manager!
06-12 01:37:49.333   579  1904 D CoreBackPreview: Window{d973327 u0 Splash Screen com.my.forintern EXITING}: Setting back callback null
06-12 01:37:49.365  2099  2099 W bwey    : Null back to top button - can't update visibility
06-12 01:37:49.480  2099  2099 I enda    : destroy
06-12 01:37:49.489  2099  2099 I bynm    : (REDACTED) initWindow for %s with token %s
06-12 01:37:49.489  2099  2099 W WindowOnBackDispatcher: OnBackInvokedCallback is not enabled for the application.
06-12 01:37:49.489  2099  2099 W WindowOnBackDispatcher: Set 'android:enableOnBackInvokedCallback="true"' in the application manifest.
06-12 01:37:49.505   579  1904 D CompatibilityChangeReporter: Compat change id reported: 168419799; UID 10132; state: DISABLED
06-12 01:37:49.505   579  1904 D CompatibilityChangeReporter: Compat change id reported: 273564678; UID 10132; state: DISABLED
06-12 01:37:49.545  2099  2099 I bynm    : (REDACTED) windowAttached completed window=%s fragmentHost=%s
06-12 01:37:49.546  2099  2099 I byne    : (REDACTED) Dismissing old window %s
06-12 01:37:49.546  2099  2099 I byne    : Disabling window touch for binder managed window
06-12 01:37:49.547  2099  2099 I byne    : (REDACTED) Created new binder managed window %s
06-12 01:37:49.547  2099  2099 I byne    : (REDACTED) WindowRefsActive: %d, TouchableWindowRefsActive: %b
06-12 01:37:49.548  2099  2099 I bynm    : (REDACTED) MinusoneConfigDbg windowAttached config=%s
06-12 01:37:49.548  2099  2099 I bynm    : (REDACTED) windowAttached start logFlowId=%s, configuration=%s, acetoneState=%s, overlayWindow=%s, fragmentHost=%s, binderManagedWindow=%s, params=%s
06-12 01:37:49.548  2099  2099 I bynm    : (REDACTED) configuration changed from %s -> %s
06-12 01:37:49.548  2099  2099 I bynm    : (REDACTED) onDestroy: isRecreating: %s
06-12 01:37:49.549   579  1904 W InputManager-JNI: Input channel object 'a36c8f6 GoogleDiscoverWindow (client)' was disposed without first being removed with the input manager!
06-12 01:37:49.550  2099  2099 I bynm    : (REDACTED) initWindow for %s with token %s
06-12 01:37:49.551  2099  2099 W WindowOnBackDispatcher: OnBackInvokedCallback is not enabled for the application.
06-12 01:37:49.551  2099  2099 W WindowOnBackDispatcher: Set 'android:enableOnBackInvokedCallback="true"' in the application manifest.
06-12 01:37:49.554  2099  2099 I bynm    : (REDACTED) windowAttached completed window=%s fragmentHost=%s
06-12 01:37:49.555  2099  2099 I bynm    : onStart
06-12 01:37:49.572  2099  2099 I bynm    : onResume
06-12 01:37:49.572  2099  2099 W dolk    : missing event name
06-12 01:37:49.576   579   998 D CoreBackPreview: Window{9f3a993 u0 GoogleDiscoverWindow}: Setting back callback OnBackInvokedCallbackInfo{mCallback=android.window.IOnBackInvokedCallback$Stub$Proxy@1d511c9, mPriority=0, mIsAnimationCallback=false}
06-12 01:37:49.577  2099  2099 I bynm    : onPause
06-12 01:37:49.578  2099  2099 W dolk    : measuring already stopped.
06-12 01:37:49.578  2099  2099 I bynm    : onStop
