--------- beginning of main
06-12 01:37:46.683   362   362 D Zygote  : Forked child process 5116
06-12 01:37:46.696   579   702 I InputReader: Reconfiguring input devices, changes=KEYBOARD_LAYOUTS
06-12 01:37:46.707  5114  5114 I android.vending: Using CollectorTypeCC GC.
--------- beginning of system
06-12 01:37:46.707   579   579 I Telecom : CarModeTracker: Package com.my.forintern is not tracked.: SSH.oR@AG8
06-12 01:37:46.709   579   579 I Telecom : InCallController: updateCarModeForConnections: car mode apps: : SSH.oR@AG8
06-12 01:37:46.709  5114  5114 W android.vending: Unexpected CPU variant for x86: x86_64.
06-12 01:37:46.709  5114  5114 W android.vending: Known variants: atom, sandybridge, silvermont, goldmont, goldmont-plus, tremont, kabylake, default
06-12 01:37:46.711   579   579 I Telecom : InCallController: update carmode current:UserHandle{0} parent:null: SSH.oR@AG8
06-12 01:37:46.711  5116  5116 I ndroid.keychain: Using CollectorTypeCC GC.
06-12 01:37:46.714   579   702 I InputReader: Reconfiguring input devices, changes=KEYBOARD_LAYOUTS
06-12 01:37:46.715  5116  5116 W ndroid.keychain: Unexpected CPU variant for x86: x86_64.
06-12 01:37:46.715  5116  5116 W ndroid.keychain: Known variants: atom, sandybridge, silvermont, goldmont, goldmont-plus, tremont, kabylake, default
06-12 01:37:46.734   579  1596 D CompatibilityChangeReporter: Compat change id reported: 161252188; UID 10195; state: DISABLED
06-12 01:37:46.737   579   579 V BackupManagerConstants: getFullBackupIntervalMilliseconds(...) returns 86400000
06-12 01:37:46.737   579   579 V BackupManagerConstants: getFullBackupRequiredNetworkType(...) returns 2
06-12 01:37:46.737   579   579 V BackupManagerConstants: getFullBackupRequireCharging(...) returns true
06-12 01:37:46.737  1343  5110 I PermissionControllerServiceImpl: Updating user sensitive for uid 10195
06-12 01:37:46.737   579  1596 W ActivityTaskManager: callingPackage for (uid=2000, pid=5121) has no WPC
06-12 01:37:46.738   579   579 D CompatibilityChangeReporter: Compat change id reported: 271850009; UID 1000; state: ENABLED
06-12 01:37:46.738   579   579 D CompatibilityChangeReporter: Compat change id reported: 253665015; UID 1000; state: ENABLED
06-12 01:37:46.738   579   579 D CompatibilityChangeReporter: Compat change id reported: 194532703; UID 1000; state: ENABLED
06-12 01:37:46.742   579  1596 D CompatibilityChangeReporter: Compat change id reported: 265464455; UID 10195; state: DISABLED
06-12 01:37:46.742   579  1596 D CompatibilityChangeReporter: Compat change id reported: 265452344; UID 10195; state: DISABLED
06-12 01:37:46.742   579  1596 D CompatibilityChangeReporter: Compat change id reported: 266124927; UID 10195; state: DISABLED
06-12 01:37:46.742   579  1596 D CompatibilityChangeReporter: Compat change id reported: 265451093; UID 10195; state: DISABLED
06-12 01:37:46.742   579  1596 D CompatibilityChangeReporter: Compat change id reported: 265456536; UID 10195; state: DISABLED
06-12 01:37:46.742   579  1596 D CompatibilityChangeReporter: Compat change id reported: 255940284; UID 10195; state: DISABLED
06-12 01:37:46.742   579  1596 D CompatibilityChangeReporter: Compat change id reported: 236283604; UID 10195; state: DISABLED
06-12 01:37:46.742   579  1596 D CompatibilityChangeReporter: Compat change id reported: 263959004; UID 10195; state: DISABLED
06-12 01:37:46.742   579  1596 D CompatibilityChangeReporter: Compat change id reported: 264304459; UID 10195; state: DISABLED
06-12 01:37:46.742   579  1596 D CompatibilityChangeReporter: Compat change id reported: 264301586; UID 10195; state: DISABLED
06-12 01:37:46.742   579  1596 D CompatibilityChangeReporter: Compat change id reported: 254631730; UID 10195; state: DISABLED
06-12 01:37:46.742   579  1596 D CompatibilityChangeReporter: Compat change id reported: 273509367; UID 10195; state: DISABLED
06-12 01:37:46.742   579  1596 D CompatibilityChangeReporter: Compat change id reported: 263259275; UID 10195; state: DISABLED
06-12 01:37:46.742   579  1596 D CompatibilityChangeReporter: Compat change id reported: 174042980; UID 10195; state: DISABLED
06-12 01:37:46.742   579  1596 D CompatibilityChangeReporter: Compat change id reported: 174042936; UID 10195; state: DISABLED
06-12 01:37:46.742   579  1596 D CompatibilityChangeReporter: Compat change id reported: 181136395; UID 10195; state: DISABLED
06-12 01:37:46.745   579  1596 D CompatibilityChangeReporter: Compat change id reported: 194480991; UID 10195; state: ENABLED
06-12 01:37:46.745   579   579 D CompatibilityChangeReporter: Compat change id reported: 171306433; UID 10195; state: ENABLED
06-12 01:37:46.746   579   579 W AlarmManager: Package com.my.forintern, uid 10195 lost permission to set exact alarms!
06-12 01:37:46.755  5114  5114 E android.vending: Not starting debugger since process cannot load the jdwp agent.
06-12 01:37:46.755  1491  1491 I PkDeviceHelper: PkDeviceHelper.refreshDevices():87 refreshing devices
06-12 01:37:46.755  5116  5116 E ndroid.keychain: Not starting debugger since process cannot load the jdwp agent.
06-12 01:37:46.756  1491  1491 I PkDeviceHelper: PkDeviceHelper.addDevice():125 device qwerty2 added
06-12 01:37:46.757  1491  1491 I PkDeviceHelper: PkDeviceHelper.addDevice():125 device AT Translated Set 2 keyboard added
06-12 01:37:46.757  1491  1491 I PkDeviceHelper: PkDeviceHelper.refreshDevices():87 refreshing devices
06-12 01:37:46.757  1491  1491 I PkDeviceHelper: PkDeviceHelper.addDevice():125 device qwerty2 added
06-12 01:37:46.757  1491  1491 I PkDeviceHelper: PkDeviceHelper.addDevice():125 device AT Translated Set 2 keyboard added
06-12 01:37:46.757  1491  1491 I PkDeviceHelper: PkDeviceHelper.refreshDevices():87 refreshing devices
06-12 01:37:46.757  1491  1491 I PkDeviceHelper: PkDeviceHelper.addDevice():125 device qwerty2 added
06-12 01:37:46.757  1491  1491 I PkDeviceHelper: PkDeviceHelper.addDevice():125 device AT Translated Set 2 keyboard added
06-12 01:37:46.757  1491  1491 I PkDeviceHelper: PkDeviceHelper.refreshDevices():87 refreshing devices
06-12 01:37:46.757  1491  1491 I PkDeviceHelper: PkDeviceHelper.addDevice():125 device qwerty2 added
06-12 01:37:46.757  1491  1491 I PkDeviceHelper: PkDeviceHelper.addDevice():125 device AT Translated Set 2 keyboard added
06-12 01:37:46.757  1491  1491 I PkDeviceHelper: PkDeviceHelper.refreshDevices():87 refreshing devices
06-12 01:37:46.757  1491  1491 I PkDeviceHelper: PkDeviceHelper.addDevice():125 device qwerty2 added
06-12 01:37:46.757  1491  1491 I PkDeviceHelper: PkDeviceHelper.addDevice():125 device AT Translated Set 2 keyboard added
06-12 01:37:46.757  1491  1491 I PkDeviceHelper: PkDeviceHelper.refreshDevices():87 refreshing devices
06-12 01:37:46.757  1491  1491 I PkDeviceHelper: PkDeviceHelper.addDevice():125 device qwerty2 added
06-12 01:37:46.757  1491  1491 I PkDeviceHelper: PkDeviceHelper.addDevice():125 device AT Translated Set 2 keyboard added
06-12 01:37:46.757  1491  1491 I PkDeviceHelper: PkDeviceHelper.refreshDevices():87 refreshing devices
06-12 01:37:46.757  1491  1491 I PkDeviceHelper: PkDeviceHelper.addDevice():125 device qwerty2 added
06-12 01:37:46.757  1491  1491 I PkDeviceHelper: PkDeviceHelper.addDevice():125 device AT Translated Set 2 keyboard added
06-12 01:37:46.757  1491  1491 I PkDeviceHelper: PkDeviceHelper.refreshDevices():87 refreshing devices
06-12 01:37:46.757  1491  1491 I PkDeviceHelper: PkDeviceHelper.addDevice():125 device qwerty2 added
06-12 01:37:46.757  1491  1491 I PkDeviceHelper: PkDeviceHelper.addDevice():125 device AT Translated Set 2 keyboard added
06-12 01:37:46.757  1491  1491 I PkDeviceHelper: PkDeviceHelper.refreshDevices():87 refreshing devices
06-12 01:37:46.757  1491  1491 I PkDeviceHelper: PkDeviceHelper.addDevice():125 device qwerty2 added
06-12 01:37:46.757  1491  1491 I PkDeviceHelper: PkDeviceHelper.addDevice():125 device AT Translated Set 2 keyboard added
06-12 01:37:46.757  1491  1491 I PkDeviceHelper: PkDeviceHelper.refreshDevices():87 refreshing devices
06-12 01:37:46.757  1491  1491 I PkDeviceHelper: PkDeviceHelper.addDevice():125 device qwerty2 added
06-12 01:37:46.757  1491  1491 I PkDeviceHelper: PkDeviceHelper.addDevice():125 device AT Translated Set 2 keyboard added
06-12 01:37:46.757  1491  1491 I PkDeviceHelper: PkDeviceHelper.refreshDevices():87 refreshing devices
06-12 01:37:46.757  1491  1491 I PkDeviceHelper: PkDeviceHelper.addDevice():125 device qwerty2 added
06-12 01:37:46.757  1491  1491 I PkDeviceHelper: PkDeviceHelper.addDevice():125 device AT Translated Set 2 keyboard added
06-12 01:37:46.757  1491  1491 I PkDeviceHelper: PkDeviceHelper.refreshDevices():87 refreshing devices
06-12 01:37:46.757  1491  1491 I PkDeviceHelper: PkDeviceHelper.addDevice():125 device qwerty2 added
06-12 01:37:46.757  1491  1491 I PkDeviceHelper: PkDeviceHelper.addDevice():125 device AT Translated Set 2 keyboard added
06-12 01:37:46.757  1491  1491 I PkDeviceHelper: PkDeviceHelper.refreshDevices():87 refreshing devices
06-12 01:37:46.757  1491  1491 I PkDeviceHelper: PkDeviceHelper.addDevice():125 device qwerty2 added
06-12 01:37:46.757  1491  1491 I PkDeviceHelper: PkDeviceHelper.addDevice():125 device AT Translated Set 2 keyboard added
06-12 01:37:46.757  1491  1491 I PkDeviceHelper: PkDeviceHelper.refreshDevices():87 refreshing devices
06-12 01:37:46.757  1491  1491 I PkDeviceHelper: PkDeviceHelper.addDevice():125 device qwerty2 added
06-12 01:37:46.757  1491  1491 I PkDeviceHelper: PkDeviceHelper.addDevice():125 device AT Translated Set 2 keyboard added
06-12 01:37:46.757  1491  1491 I PkDeviceHelper: PkDeviceHelper.refreshDevices():87 refreshing devices
06-12 01:37:46.757  1491  1491 I PkDeviceHelper: PkDeviceHelper.addDevice():125 device qwerty2 added
06-12 01:37:46.757  1491  1491 I PkDeviceHelper: PkDeviceHelper.addDevice():125 device AT Translated Set 2 keyboard added
06-12 01:37:46.766   579  1596 D CompatibilityChangeReporter: Compat change id reported: 184838306; UID 10195; state: DISABLED
06-12 01:37:46.766   579  1596 D CompatibilityChangeReporter: Compat change id reported: 185004937; UID 10195; state: DISABLED
06-12 01:37:46.768   579  1596 D CompatibilityChangeReporter: Compat change id reported: 197654537; UID 10195; state: ENABLED
06-12 01:37:46.769   579  1596 D CompatibilityChangeReporter: Compat change id reported: 205907456; UID 10195; state: ENABLED
06-12 01:37:46.774   821   850 V WindowManagerShell: Transition requested: android.os.BinderProxy@baf1951 TransitionRequestInfo { type = OPEN, triggerTask = TaskInfo{userId=0 taskId=80 displayId=0 isRunning=true baseIntent=Intent { act=android.intent.action.MAIN cat=[android.intent.category.LAUNCHER] flg=0x10000000 cmp=com.my.forintern/.MainActivity } baseActivity=ComponentInfo{com.my.forintern/com.my.forintern.MainActivity} topActivity=ComponentInfo{com.my.forintern/com.my.forintern.MainActivity} origActivity=null realActivity=ComponentInfo{com.my.forintern/com.my.forintern.MainActivity} numActivities=1 lastActiveTime=630769 supportsMultiWindow=true resizeMode=1 isResizeable=true minWidth=-1 minHeight=-1 defaultMinSize=220 token=WCT{android.window.IWindowContainerToken$Stub$Proxy@8eaa5b6} topActivityType=1 pictureInPictureParams=null shouldDockBigOverlays=false launchIntoPipHostTaskId=-1 lastParentTaskIdBeforePip=-1 displayCutoutSafeInsets=Rect(0, 136 - 0, 0) topActivityInfo=ActivityInfo{b2a32b7 com.my.forintern.MainActivity} launchCookies=[] positionInParent=Point(0, 0) parentTaskId=-1 isFocused=false isVisible=false isVisibleRequested=false isSleeping=false topActivityInSizeCompat=false topActivityEligibleForLetterboxEducation= false topActivityLetterboxed= false isFromDoubleTap= false topActivityLetterboxVerticalPosition= -1 topActivityLetterboxHorizontalPosition= -1 topActivityLetterboxWidth=-1 topActivityLetterboxHeight=-1 locusId=null displayAreaFeatureId=1 cameraCompatControlState=hidden}, remoteTransition = null, displayChange = null }
06-12 01:37:46.795   579  1596 D CompatibilityChangeReporter: Compat change id reported: 194833441; UID 10195; state: ENABLED
06-12 01:37:46.795   579  1596 I ActivityTaskManager: START u0 {act=android.intent.action.MAIN cat=[android.intent.category.LAUNCHER] flg=0x10000000 cmp=com.my.forintern/.MainActivity} with LAUNCH_MULTIPLE from uid 2000 (BAL_ALLOW_PERMISSION) result code=0
06-12 01:37:46.796   579   606 W WindowMagnificationMgr: requestConnection duplicated request: connect=false, mConnectionState=DISCONNECTED
06-12 01:37:46.801   579  1727 D CompatibilityChangeReporter: Compat change id reported: 168419799; UID 10130; state: DISABLED
06-12 01:37:46.801   579  1727 D CompatibilityChangeReporter: Compat change id reported: 273564678; UID 10130; state: DISABLED
06-12 01:37:46.802   579   588 I system_server: Background concurrent copying GC freed 516054(26MB) AllocSpace objects, 32(624KB) LOS objects, 40% free, 35MB/59MB, paused 4.502ms,128us total 172.681ms
06-12 01:37:46.804   408   408 I BpBinder: onLastStrongRef automatically unlinking death recipients: 
06-12 01:37:46.810   579   606 W WindowMagnificationMgr: requestConnection duplicated request: connect=false, mConnectionState=DISCONNECTED
06-12 01:37:46.810   579   661 D CompatibilityChangeReporter: Compat change id reported: 265195908; UID 10130; state: ENABLED
06-12 01:37:46.812   579  1904 D CompatibilityChangeReporter: Compat change id reported: 168419799; UID 1000; state: DISABLED
06-12 01:37:46.812   579  1904 D CompatibilityChangeReporter: Compat change id reported: 273564678; UID 1000; state: DISABLED
06-12 01:37:46.812  5114  5114 D CompatibilityChangeReporter: Compat change id reported: 171979766; UID 10130; state: ENABLED
06-12 01:37:46.812  5114  5114 D CompatibilityChangeReporter: Compat change id reported: 242716250; UID 10130; state: ENABLED
06-12 01:37:46.814   579   598 D CompatibilityChangeReporter: Compat change id reported: 135634846; UID 10195; state: DISABLED
06-12 01:37:46.814   579   590 W System  : A resource failed to call close. 
06-12 01:37:46.814   579   608 D CompatibilityChangeReporter: Compat change id reported: 143937733; UID 10195; state: ENABLED
06-12 01:37:46.819  5116  5116 D CompatibilityChangeReporter: Compat change id reported: 171979766; UID 1000; state: ENABLED
06-12 01:37:46.819  5116  5116 D CompatibilityChangeReporter: Compat change id reported: 242716250; UID 1000; state: ENABLED
06-12 01:37:46.820   362   362 D Zygote  : Forked child process 5154
06-12 01:37:46.820   579   608 I ActivityManager: Start proc 5154:com.my.forintern/u0a195 for next-top-activity {com.my.forintern/com.my.forintern.MainActivity}
06-12 01:37:46.824   579  1727 D CoreBackPreview: Window{d973327 u0 Splash Screen com.my.forintern}: Setting back callback OnBackInvokedCallbackInfo{mCallback=android.window.IOnBackInvokedCallback$Stub$Proxy@116864d, mPriority=0, mIsAnimationCallback=false}
06-12 01:37:46.837   579  1596 D CompatibilityChangeReporter: Compat change id reported: 170503758; UID 10130; state: ENABLED
06-12 01:37:46.857  5154  5154 I om.my.forintern: Late-enabling -Xcheck:jni
06-12 01:37:46.870  4702  4702 W ziparchive: Unable to open '/data/user_de/0/com.google.android.gms/app_chimera/m/00000004/DynamiteModulesC.dm': No such file or directory
06-12 01:37:46.870  4702  4702 W ziparchive: Unable to open '/data/user_de/0/com.google.android.gms/app_chimera/m/00000004/DynamiteModulesC.dm': No such file or directory
06-12 01:37:46.870  4702  4702 W ziparchive: Unable to open '/data/user_de/0/com.google.android.gms/app_chimera/m/00000001/CronetDynamite.dm': No such file or directory
06-12 01:37:46.870  4702  4702 W ziparchive: Unable to open '/data/user_de/0/com.google.android.gms/app_chimera/m/00000001/CronetDynamite.dm': No such file or directory
06-12 01:37:46.873  4702  4702 W artd    : Could not get dex checksums for location /data/app/~~KIUoAaJJCtY9rg2lVZzF2Q==/com.google.android.gms-VPiMwAT_j1HSNisG_xv71Q==/base.apk, fd=-1
06-12 01:37:46.874  4702  4702 W artd    : Could not get dex checksums for location /data/app/~~KIUoAaJJCtY9rg2lVZzF2Q==/com.google.android.gms-VPiMwAT_j1HSNisG_xv71Q==/base.apk, fd=-1
06-12 01:37:46.876  4702  4702 W ziparchive: Unable to open '/data/user/0/com.google.android.gms/app_dg_cache/3C458487C11623D174A33292B914D98AB3A4651D/the.dm': No such file or directory
06-12 01:37:46.876  4702  4702 W ziparchive: Unable to open '/data/user/0/com.google.android.gms/app_dg_cache/3C458487C11623D174A33292B914D98AB3A4651D/the.dm': No such file or directory
06-12 01:37:46.876  4702  4702 W ziparchive: Unable to open '/data/user_de/0/com.google.android.gms/app_chimera/m/00000002/DynamiteLoader.dm': No such file or directory
06-12 01:37:46.876  4702  4702 W ziparchive: Unable to open '/data/user_de/0/com.google.android.gms/app_chimera/m/00000002/DynamiteLoader.dm': No such file or directory
06-12 01:37:46.876  4702  4702 W ziparchive: Unable to open '/data/user_de/0/com.google.android.gms/app_chimera/m/00000005/GoogleCertificates.dm': No such file or directory
06-12 01:37:46.876  4702  4702 W ziparchive: Unable to open '/data/user_de/0/com.google.android.gms/app_chimera/m/00000005/GoogleCertificates.dm': No such file or directory
06-12 01:37:46.877  5154  5154 I om.my.forintern: Using CollectorTypeCC GC.
06-12 01:37:46.877  4702  4702 W ziparchive: Unable to open '/data/user_de/0/com.google.android.gms/app_chimera/m/0000000d/dl-VisionOcrDynamite.integ_231602402100000.dm': No such file or directory
06-12 01:37:46.877  4702  4702 W ziparchive: Unable to open '/data/user_de/0/com.google.android.gms/app_chimera/m/0000000d/dl-VisionOcrDynamite.integ_231602402100000.dm': No such file or directory
06-12 01:37:46.878  5154  5154 W om.my.forintern: Unexpected CPU variant for x86: x86_64.
06-12 01:37:46.878  5154  5154 W om.my.forintern: Known variants: atom, sandybridge, silvermont, goldmont, goldmont-plus, tremont, kabylake, default
06-12 01:37:46.878  4702  4702 W artd    : Could not get dex checksums for location /data/app/~~KIUoAaJJCtY9rg2lVZzF2Q==/com.google.android.gms-VPiMwAT_j1HSNisG_xv71Q==/base.apk, fd=-1
06-12 01:37:46.880  4702  4702 W ziparchive: Unable to open '/data/user_de/0/com.google.android.gms/app_chimera/m/00000028/dl-PlayCloudSearch.optional_261833100000.dm': No such file or directory
06-12 01:37:46.880  4702  4702 W ziparchive: Unable to open '/data/user_de/0/com.google.android.gms/app_chimera/m/00000028/dl-PlayCloudSearch.optional_261833100000.dm': No such file or directory
06-12 01:37:46.893  5114  5114 D nativeloader: Configuring clns-6 for other apk /system/framework/org.apache.http.legacy.jar. target_sdk_version=37, uses_libraries=ALL, library_path=/data/app/~~ZaU70f4fZ2fbl9J5hohPTg==/com.android.vending-BEOfE0raLAyL8snwtynyww==/lib/x86_64:/data/app/~~ZaU70f4fZ2fbl9J5hohPTg==/com.android.vending-BEOfE0raLAyL8snwtynyww==/base.apk!/lib/x86_64:/data/app/~~ZaU70f4fZ2fbl9J5hohPTg==/com.android.vending-BEOfE0raLAyL8snwtynyww==/split_config.en.apk!/lib/x86_64:/data/app/~~ZaU70f4fZ2fbl9J5hohPTg==/com.android.vending-BEOfE0raLAyL8snwtynyww==/split_config.x86_64.apk!/lib/x86_64:/data/app/~~ZaU70f4fZ2fbl9J5hohPTg==/com.android.vending-BEOfE0raLAyL8snwtynyww==/split_phonesky_data_loader.apk!/lib/x86_64:/data/app/~~ZaU70f4fZ2fbl9J5hohPTg==/com.android.vending-BEOfE0raLAyL8snwtynyww==/split_phonesky_data_loader.config.x86_64.apk!/lib/x86_64:/data/app/~~ZaU70f4fZ2fbl9J5hohPTg==/com.android.vending-BEOfE0raLAyL8snwtynyww==/split_phonesky_webrtc_native_lib.apk!/lib/x86_64:/data/app/~~ZaU70f4fZ2fbl9J5hohPTg==/com.android.vending-BEOfE0ra
06-12 01:37:46.895  5114  5114 D ApplicationLoaders: Returning zygote-cached class loader: /system_ext/framework/androidx.window.extensions.jar
06-12 01:37:46.895  5114  5114 D ApplicationLoaders: Returning zygote-cached class loader: /system_ext/framework/androidx.window.sidecar.jar
06-12 01:37:46.897  4702  4702 W ziparchive: Unable to open '/data/user_de/0/com.google.android.gms/app_chimera/m/00000000/AdsDynamite.dm': No such file or directory
06-12 01:37:46.897  4702  4702 W ziparchive: Unable to open '/data/user_de/0/com.google.android.gms/app_chimera/m/00000000/AdsDynamite.dm': No such file or directory
06-12 01:37:46.898  4702  4702 W ziparchive: Unable to open '/data/user_de/0/com.google.android.gms/app_chimera/m/00000029/dl-VisionOcr.optional_261833100000.dm': No such file or directory
06-12 01:37:46.898  4702  4702 W ziparchive: Unable to open '/data/user_de/0/com.google.android.gms/app_chimera/m/00000029/dl-VisionOcr.optional_261833100000.dm': No such file or directory
06-12 01:37:46.899  4702  4702 W artd    : Could not get dex checksums for location /data/app/~~KIUoAaJJCtY9rg2lVZzF2Q==/com.google.android.gms-VPiMwAT_j1HSNisG_xv71Q==/base.apk, fd=-1
06-12 01:37:46.901  4702  4702 W ziparchive: Unable to open '/data/user_de/0/com.google.android.gms/app_chimera/m/0000002b/dl-Appsearch.optional_261833100800.dm': No such file or directory
06-12 01:37:46.902  4702  4702 W ziparchive: Unable to open '/data/user_de/0/com.google.android.gms/app_chimera/m/0000002b/dl-Appsearch.optional_261833100800.dm': No such file or directory
06-12 01:37:46.903  2099  2099 I bynm    : onPause
06-12 01:37:46.903  4702  4702 W ziparchive: Unable to open '/data/user_de/0/com.google.android.gms/app_chimera/m/00000008/dl-MlkitBarcodeUi.optional_231818100000.dm': No such file or directory
06-12 01:37:46.903  4702  4702 W ziparchive: Unable to open '/data/user_de/0/com.google.android.gms/app_chimera/m/00000008/dl-MlkitBarcodeUi.optional_231818100000.dm': No such file or directory
06-12 01:37:46.904  4702  4702 W artd    : Could not get dex checksums for location /data/app/~~KIUoAaJJCtY9rg2lVZzF2Q==/com.google.android.gms-VPiMwAT_j1HSNisG_xv71Q==/base.apk, fd=-1
06-12 01:37:46.905  4702  4702 W artd    : Could not get dex checksums for location /data/app/~~KIUoAaJJCtY9rg2lVZzF2Q==/com.google.android.gms-VPiMwAT_j1HSNisG_xv71Q==/base.apk, fd=-1
06-12 01:37:46.907  4702  4702 W ziparchive: Unable to open '/data/user_de/0/com.google.android.gms/app_chimera/m/0000002f/dl-MlkitOcrCommon.optional_261833100800.dm': No such file or directory
06-12 01:37:46.907  4702  4702 W ziparchive: Unable to open '/data/user_de/0/com.google.android.gms/app_chimera/m/0000002f/dl-MlkitOcrCommon.optional_261833100800.dm': No such file or directory
06-12 01:37:46.909  4702  4702 W ziparchive: Unable to open '/data/user_de/0/com.google.android.gms/app_chimera/m/00000025/dl-TfliteDynamiteDynamite.integ_260580502100800.dm': No such file or directory
06-12 01:37:46.910  4702  4702 W ziparchive: Unable to open '/data/user_de/0/com.google.android.gms/app_chimera/m/00000025/dl-TfliteDynamiteDynamite.integ_260580502100800.dm': No such file or directory
06-12 01:37:46.917  1099  1798 D EGL_emulation: app_time_stats: avg=74182.29ms min=15.63ms max=592452.56ms count=8
06-12 01:37:46.917  4702  4702 W artd    : Could not get dex checksums for location /data/app/~~KIUoAaJJCtY9rg2lVZzF2Q==/com.google.android.gms-VPiMwAT_j1HSNisG_xv71Q==/base.apk, fd=-1
06-12 01:37:46.920  4702  4702 W artd    : Could not get dex checksums for location /data/app/~~KIUoAaJJCtY9rg2lVZzF2Q==/com.google.android.gms-VPiMwAT_j1HSNisG_xv71Q==/base.apk, fd=-1
06-12 01:37:46.920  4702  4702 W artd    : Could not get dex checksums for location /data/app/~~KIUoAaJJCtY9rg2lVZzF2Q==/com.google.android.gms-VPiMwAT_j1HSNisG_xv71Q==/base.apk, fd=-1
06-12 01:37:46.921   821   850 V WindowManagerShell: onTransitionReady android.os.BinderProxy@baf1951: {id=8 t=OPEN f=0x0 trk=0 r=[0@Point(0, 0)] c=[{WCT{android.window.IWindowContainerToken$Stub$Proxy@1d97e44} m=OPEN f=NONE leash=Surface(name=Task=80)/@0xbfea223 sb=Rect(0, 0 - 1080, 2400) eb=Rect(0, 0 - 1080, 2400) d=0},{WCT{android.window.IWindowContainerToken$Stub$Proxy@aabab2d} m=TO_BACK f=SHOW_WALLPAPER leash=Surface(name=Task=1)/@0xae3e320 sb=Rect(0, 0 - 1080, 2400) eb=Rect(0, 0 - 1080, 2400) d=0}]}
06-12 01:37:46.922   821   850 V WindowManagerShell: Playing animation for (#8)android.os.BinderProxy@baf1951@0
06-12 01:37:46.922   821   850 V WindowManagerShell:  try handler com.android.wm.shell.transition.DefaultMixedHandler@2ce7243
06-12 01:37:46.922   821   850 V WindowManagerShell:  try handler com.android.wm.shell.keyguard.KeyguardTransitionHandler@b8940c0
06-12 01:37:46.922   821   850 V WindowManagerShell:  try handler com.android.wm.shell.activityembedding.ActivityEmbeddingController@fab41f9
06-12 01:37:46.923   821   850 V WindowManagerShell:  try handler com.android.wm.shell.recents.RecentsTransitionHandler@d8cb9e4
06-12 01:37:46.923   821   850 V ShellRecents: RecentsTransitionHandler.startAnimation: no controller found
06-12 01:37:46.923   821   850 V WindowManagerShell:  try handler com.android.wm.shell.pip.PipTransition@fe6ce4d
06-12 01:37:46.923   821   850 V WindowManagerShell:  try handler com.android.wm.shell.splitscreen.StageCoordinator@4af7d02
06-12 01:37:46.923   821   850 V WindowManagerShell:  try handler com.android.wm.shell.transition.RemoteTransitionHandler@85b0613
06-12 01:37:46.923   821   850 V WindowManagerShell: Transition doesn't have explicit remote, search filters for match for {id=8 t=OPEN f=0x0 trk=0 r=[0@Point(0, 0)] c=[{WCT{android.window.IWindowContainerToken$Stub$Proxy@1d97e44} m=OPEN f=NONE leash=Surface(name=Task=80)/@0xbfea223 sb=Rect(0, 0 - 1080, 2400) eb=Rect(0, 0 - 1080, 2400) d=0},{WCT{android.window.IWindowContainerToken$Stub$Proxy@aabab2d} m=TO_BACK f=SHOW_WALLPAPER leash=Surface(name=Task=1)/@0xae3e320 sb=Rect(0, 0 - 1080, 2400) eb=Rect(0, 0 - 1080, 2400) d=0}]}
06-12 01:37:46.923   821   850 V WindowManagerShell:  Checking filter Pair{{types=[] flags=0x0] notFlags=0x0 checks=[{atype=dream independent=true modes=[OPEN,TO_FRONT] flags=NONE mustBeTask=false order=ANY topActivity=null},{atype=home independent=true modes=[CLOSE,TO_BACK] flags=NONE mustBeTask=false order=ANY topActivity=null}]} RemoteTransition { remoteTransition = android.window.IRemoteTransition$Stub$Proxy@7ddf067, appThread = android.app.IApplicationThread$Stub$Proxy@f68ee14, debugName = LauncherToDream }}
06-12 01:37:46.926  4702  4702 W ziparchive: Unable to open '/data/user_de/0/com.google.android.gms/app_chimera/m/0000002e/dl-MlkitBarcodeUi.optional_261833100800.dm': No such file or directory
06-12 01:37:46.926  4702  4702 W ziparchive: Unable to open '/data/user_de/0/com.google.android.gms/app_chimera/m/0000002e/dl-MlkitBarcodeUi.optional_261833100800.dm': No such file or directory
06-12 01:37:46.927  4702  4702 W artd    : Could not get dex checksums for location /data/app/~~KIUoAaJJCtY9rg2lVZzF2Q==/com.google.android.gms-VPiMwAT_j1HSNisG_xv71Q==/base.apk, fd=-1
06-12 01:37:46.931  4702  4702 W ziparchive: Unable to open '/data/user_de/0/com.google.android.gms/app_chimera/m/0000002a/dl-IdentityCredentialsPlatform.optional_261833100800.dm': No such file or directory
06-12 01:37:46.931  4702  4702 W ziparchive: Unable to open '/data/user_de/0/com.google.android.gms/app_chimera/m/0000002a/dl-IdentityCredentialsPlatform.optional_261833100800.dm': No such file or directory
06-12 01:37:46.932  4702  4702 W artd    : Could not get dex checksums for location /data/app/~~KIUoAaJJCtY9rg2lVZzF2Q==/com.google.android.gms-VPiMwAT_j1HSNisG_xv71Q==/base.apk, fd=-1
06-12 01:37:46.932  4702  4702 W artd    : Could not get dex checksums for location /data/app/~~KIUoAaJJCtY9rg2lVZzF2Q==/com.google.android.gms-VPiMwAT_j1HSNisG_xv71Q==/base.apk, fd=-1
06-12 01:37:46.933  4702  4702 W artd    : Could not get dex checksums for location /data/app/~~w49fjt-wQnwEYiP5oY2Uvw==/com.android.vending-UpECxTE6ZuOa8RfJfDG6ZQ==/base.apk, fd=-1
06-12 01:37:46.934  4702  4702 W ziparchive: Unable to open '/data/user_de/0/com.google.android.gms/app_chimera/m/0000000b/dl-MlkitOcrCommon.optional_231818100800.dm': No such file or directory
06-12 01:37:46.934  4702  4702 W ziparchive: Unable to open '/data/user_de/0/com.google.android.gms/app_chimera/m/0000000b/dl-MlkitOcrCommon.optional_231818100800.dm': No such file or directory
06-12 01:37:46.955   438   453 I adbd    : jdwp connection from 5154
06-12 01:37:46.967  5116  5116 D nativeloader: Configuring clns-shared-6 for other apk /system/app/KeyChain/KeyChain.apk. target_sdk_version=34, uses_libraries=, library_path=/system/app/KeyChain/lib/x86_64:/system/app/KeyChain/KeyChain.apk!/lib/x86_64:/system/lib64:/system_ext/lib64, permitted_path=/data:/mnt/expand:/data/user/0/com.android.keychain:/system/app/KeyChain:/system/lib64:/system_ext/lib64
06-12 01:37:46.969   579   595 V WindowManager: Sent Transition #8 createdAt=06-12 01:37:46.746 via request=TransitionRequestInfo { type = OPEN, triggerTask = TaskInfo{userId=0 taskId=80 displayId=0 isRunning=true baseIntent=Intent { act=android.intent.action.MAIN cat=[android.intent.category.LAUNCHER] flg=0x10000000 cmp=com.my.forintern/.MainActivity } baseActivity=ComponentInfo{com.my.forintern/com.my.forintern.MainActivity} topActivity=ComponentInfo{com.my.forintern/com.my.forintern.MainActivity} origActivity=null realActivity=ComponentInfo{com.my.forintern/com.my.forintern.MainActivity} numActivities=1 lastActiveTime=630769 supportsMultiWindow=true resizeMode=1 isResizeable=true minWidth=-1 minHeight=-1 defaultMinSize=220 token=WCT{RemoteToken{43bea26 Task{910cd2f #80 type=standard A=10195:com.my.forintern}}} topActivityType=1 pictureInPictureParams=null shouldDockBigOverlays=false launchIntoPipHostTaskId=-1 lastParentTaskIdBeforePip=-1 displayCutoutSafeInsets=Rect(0, 136 - 0, 0) topActivityInfo=ActivityInfo{e3e7667 com.my.forintern.MainActivity} launchCookies=[] positionInParent=Point(0, 0) parentTaskId=-1 isFocused=false isVisible=false isVisibleRequested=false isSleeping=false topActivityInSizeCompat=false topActivityEligibleForLetterboxEducation= false topActivityLetterboxed= false isFromDoubleTap= false topActivityLetterboxVerticalPosition= -1 topActivityLetterboxHorizontalPosition= -1 topActivityLetterboxWidth=-1 topActivityLetterboxHeight=-1 locusId=null displayAreaFeatureId=1 cameraCompatControlState=hidden}, remoteTransition = null, displayChange = null }
06-12 01:37:46.969   579   595 V WindowManager:     startWCT=WindowContainerTransaction { changes = {} hops = [] errorCallbackToken=null taskFragmentOrganizer=null }
06-12 01:37:46.969   579   595 V WindowManager:     info={id=8 t=OPEN f=0x0 trk=0 r=[0@Point(0, 0)] c=[{WCT{RemoteToken{43bea26 Task{910cd2f #80 type=standard A=10195:com.my.forintern}}} m=OPEN f=NONE leash=Surface(name=Task=80)/@0x1523a49 sb=Rect(0, 0 - 1080, 2400) eb=Rect(0, 0 - 1080, 2400) d=0},{WCT{RemoteToken{99504e4 Task{37224df #1 type=home}}} m=TO_BACK f=SHOW_WALLPAPER leash=Surface(name=Task=1)/@0x12bb21e sb=Rect(0, 0 - 1080, 2400) eb=Rect(0, 0 - 1080, 2400) d=0}]}
06-12 01:37:46.975   821   850 V WindowManagerShell:  Checking filter Pair{{types=[] flags=0x0] notFlags=0x100 checks=[{atype=home independent=true modes=[OPEN,TO_FRONT] flags=NONE mustBeTask=false order=TOP topActivity=ComponentInfo{com.google.android.apps.nexuslauncher/com.google.android.apps.nexuslauncher.NexusLauncherActivity}},{atype=standard independent=true modes=[CLOSE,TO_BACK] flags=NONE mustBeTask=false order=ANY topActivity=null}]} RemoteTransition { remoteTransition = android.window.IRemoteTransition$Stub$Proxy@fafa6bd, appThread = android.app.IApplicationThread$Stub$Proxy@5c5c4b2, debugName = QuickstepLaunchHome }}
06-12 01:37:46.975   821   850 V WindowManagerShell:  Delegate animation for #8 to null
06-12 01:37:46.975   821   850 V WindowManagerShell:  try handler com.android.wm.shell.transition.DefaultTransitionHandler@803617c
06-12 01:37:46.975   821   850 V WindowManagerShell: start default transition animation, info = {id=8 t=OPEN f=0x0 trk=0 r=[0@Point(0, 0)] c=[{WCT{android.window.IWindowContainerToken$Stub$Proxy@1d97e44} m=OPEN f=NONE leash=Surface(name=Task=80)/@0xbfea223 sb=Rect(0, 0 - 1080, 2400) eb=Rect(0, 0 - 1080, 2400) d=0},{WCT{android.window.IWindowContainerToken$Stub$Proxy@aabab2d} m=TO_BACK f=SHOW_WALLPAPER leash=Surface(name=Task=1)/@0xae3e320 sb=Rect(0, 0 - 1080, 2400) eb=Rect(0, 0 - 1080, 2400) d=0}]}
06-12 01:37:46.975  2099  2099 W dolk    : measuring already stopped.
06-12 01:37:46.999   821   907 D EGL_emulation: app_time_stats: avg=22025.10ms min=22025.10ms max=22025.10ms count=1
06-12 01:37:47.001   821   850 V WindowManagerShell: loadAnimation: anim=android.view.animation.AnimationSet@93195a7 animAttr=0x13 type=OPEN isEntrance=false
06-12 01:37:47.003   821   850 V WindowManagerShell: loadAnimation: anim=android.view.animation.AnimationSet@fd7e543 animAttr=0x12 type=OPEN isEntrance=true
06-12 01:37:47.005   821   850 V WindowManagerShell:  animated by com.android.wm.shell.transition.DefaultTransitionHandler@803617c
06-12 01:37:47.039   579  1727 W ActivityTaskManager: takeTaskSnapshot: taskId=51 not found or not visible
06-12 01:37:47.040  5114  5114 W ziparchive: Unable to open '/data/app/~~ZaU70f4fZ2fbl9J5hohPTg==/com.android.vending-BEOfE0raLAyL8snwtynyww==/split_config.en.dm': No such file or directory
06-12 01:37:47.040  5114  5114 W ziparchive: Unable to open '/data/app/~~ZaU70f4fZ2fbl9J5hohPTg==/com.android.vending-BEOfE0raLAyL8snwtynyww==/split_config.en.dm': No such file or directory
06-12 01:37:47.048  5114  5114 W android.vending: Entry not found
06-12 01:37:47.048  5114  5114 W ziparchive: Unable to open '/data/app/~~ZaU70f4fZ2fbl9J5hohPTg==/com.android.vending-BEOfE0raLAyL8snwtynyww==/split_config.x86_64.dm': No such file or directory
06-12 01:37:47.048  5114  5114 W ziparchive: Unable to open '/data/app/~~ZaU70f4fZ2fbl9J5hohPTg==/com.android.vending-BEOfE0raLAyL8snwtynyww==/split_config.x86_64.dm': No such file or directory
06-12 01:37:47.049  5114  5114 W android.vending: Entry not found
06-12 01:37:47.049  5114  5114 W ziparchive: Unable to open '/data/app/~~ZaU70f4fZ2fbl9J5hohPTg==/com.android.vending-BEOfE0raLAyL8snwtynyww==/split_phonesky_data_loader.dm': No such file or directory
06-12 01:37:47.049  5114  5114 W ziparchive: Unable to open '/data/app/~~ZaU70f4fZ2fbl9J5hohPTg==/com.android.vending-BEOfE0raLAyL8snwtynyww==/split_phonesky_data_loader.dm': No such file or directory
06-12 01:37:47.050  5114  5114 W android.vending: Entry not found
06-12 01:37:47.050  5114  5114 W ziparchive: Unable to open '/data/app/~~ZaU70f4fZ2fbl9J5hohPTg==/com.android.vending-BEOfE0raLAyL8snwtynyww==/split_phonesky_data_loader.config.x86_64.dm': No such file or directory
06-12 01:37:47.050  5114  5114 W ziparchive: Unable to open '/data/app/~~ZaU70f4fZ2fbl9J5hohPTg==/com.android.vending-BEOfE0raLAyL8snwtynyww==/split_phonesky_data_loader.config.x86_64.dm': No such file or directory
06-12 01:37:47.051  5114  5114 W android.vending: Entry not found
06-12 01:37:47.051   579  1727 D OpenGLRenderer: --- Failed to create image decoder with message 'unimplemented'
06-12 01:37:47.051   579  1727 W WindowManager: Failed to load bitmap: /data/system_ce/0/snapshots/72_reduced.jpg
06-12 01:37:47.051   579  1727 W ActivityTaskManager: takeTaskSnapshot: taskId=72 not found or not visible
06-12 01:37:47.051  5114  5114 W ziparchive: Unable to open '/data/app/~~ZaU70f4fZ2fbl9J5hohPTg==/com.android.vending-BEOfE0raLAyL8snwtynyww==/split_phonesky_webrtc_native_lib.dm': No such file or directory
06-12 01:37:47.051  5114  5114 W ziparchive: Unable to open '/data/app/~~ZaU70f4fZ2fbl9J5hohPTg==/com.android.vending-BEOfE0raLAyL8snwtynyww==/split_phonesky_webrtc_native_lib.dm': No such file or directory
06-12 01:37:47.052  5114  5114 W android.vending: Entry not found
06-12 01:37:47.052  5114  5114 W ziparchive: Unable to open '/data/app/~~ZaU70f4fZ2fbl9J5hohPTg==/com.android.vending-BEOfE0raLAyL8snwtynyww==/split_phonesky_webrtc_native_lib.config.x86_64.dm': No such file or directory
06-12 01:37:47.052  5114  5114 W ziparchive: Unable to open '/data/app/~~ZaU70f4fZ2fbl9J5hohPTg==/com.android.vending-BEOfE0raLAyL8snwtynyww==/split_phonesky_webrtc_native_lib.config.x86_64.dm': No such file or directory
06-12 01:37:47.057  5114  5114 W android.vending: Entry not found
06-12 01:37:47.058  5114  5114 D nativeloader: Configuring clns-7 for other apk /data/app/~~ZaU70f4fZ2fbl9J5hohPTg==/com.android.vending-BEOfE0raLAyL8snwtynyww==/base.apk:/data/app/~~ZaU70f4fZ2fbl9J5hohPTg==/com.android.vending-BEOfE0raLAyL8snwtynyww==/split_config.en.apk:/data/app/~~ZaU70f4fZ2fbl9J5hohPTg==/com.android.vending-BEOfE0raLAyL8snwtynyww==/split_config.x86_64.apk:/data/app/~~ZaU70f4fZ2fbl9J5hohPTg==/com.android.vending-BEOfE0raLAyL8snwtynyww==/split_phonesky_data_loader.apk:/data/app/~~ZaU70f4fZ2fbl9J5hohPTg==/com.android.vending-BEOfE0raLAyL8snwtynyww==/split_phonesky_data_loader.config.x86_64.apk:/data/app/~~ZaU70f4fZ2fbl9J5hohPTg==/com.android.vending-BEOfE0raLAyL8snwtynyww==/split_phonesky_webrtc_native_lib.apk:/data/app/~~ZaU70f4fZ2fbl9J5hohPTg==/com.android.vending-BEOfE0raLAyL8snwtynyww==/split_phonesky_webrtc_native_lib.config.x86_64.apk. target_sdk_version=37, uses_libraries=, library_path=/data/app/~~ZaU70f4fZ2fbl9J5hohPTg==/com.android.vending-BEOfE0raLAyL8snwtynyww==/lib/x86_64:/data/app/~~ZaU70f4fZ2fbl9J5hohPTg==/com.android.ven
06-12 01:37:47.117  5114  5114 V GraphicsEnvironment: Currently set values for:
06-12 01:37:47.117  5114  5114 V GraphicsEnvironment:   angle_gl_driver_selection_pkgs=[]
06-12 01:37:47.117  5114  5114 V GraphicsEnvironment:   angle_gl_driver_selection_values=[]
06-12 01:37:47.117  5116  5116 V GraphicsEnvironment: Currently set values for:
06-12 01:37:47.117  5116  5116 V GraphicsEnvironment:   angle_gl_driver_selection_pkgs=[]
06-12 01:37:47.117  5116  5116 V GraphicsEnvironment:   angle_gl_driver_selection_values=[]
06-12 01:37:47.117  5114  5114 V GraphicsEnvironment: ANGLE GameManagerService for com.android.vending: false
06-12 01:37:47.118  5114  5114 V GraphicsEnvironment: com.android.vending is not listed in per-application setting
06-12 01:37:47.118  5116  5116 V GraphicsEnvironment: ANGLE GameManagerService for com.android.keychain: false
06-12 01:37:47.118  5114  5114 V GraphicsEnvironment: Neither updatable production driver nor prerelease driver is supported.
06-12 01:37:47.118  5116  5116 V GraphicsEnvironment: com.android.keychain is not listed in per-application setting
06-12 01:37:47.118  5116  5116 V GraphicsEnvironment: Neither updatable production driver nor prerelease driver is supported.
06-12 01:37:47.119   579  1008 W ActivityManager: Slow operation: 57ms so far, now at attachApplicationLocked: immediately before bindApplication
06-12 01:37:47.120   579  1008 W ActivityManager: Slow operation: 58ms so far, now at attachApplicationLocked: immediately after bindApplication
06-12 01:37:47.121   579  1008 W ActivityManager: Slow operation: 59ms so far, now at attachApplicationLocked: after updateLruProcessLocked
06-12 01:37:47.137  3769  3769 I Finsky:background: [2] akaw - Received: android.intent.action.PACKAGE_REMOVED, [sMwjbEokT6cpRWl0CA3gIcGHSX6sHZy79ngggle_3Xo]
06-12 01:37:47.138  1547  1547 W MediaProvider: WorkProfileOwnerApps cache is empty
06-12 01:37:47.140   579  1008 D CompatibilityChangeReporter: Compat change id reported: 135634846; UID 10121; state: DISABLED
06-12 01:37:47.141   579   608 D CompatibilityChangeReporter: Compat change id reported: 143937733; UID 10121; state: ENABLED
06-12 01:37:47.148   362   362 D Zygote  : Forked child process 5178
06-12 01:37:47.149   579   608 I ActivityManager: Start proc 5178:com.google.android.apps.wellbeing/u0a121 for content provider {com.google.android.apps.wellbeing/com.google.android.apps.wellbeing.api.impl.WellbeingSettingsProvider}
06-12 01:37:47.162  5114  5114 I Finsky  : [2] Process created at version: 51.7.21-31 [0] [PR] 923613381
06-12 01:37:47.173   821   821 D ControlsListingControllerImpl: ServiceConfig reloaded, count: 0
06-12 01:37:47.174   821   821 D ControlsListingControllerImpl: ServiceConfig reloaded, count: 0
06-12 01:37:47.175   821   821 D ControlsListingControllerImpl: ServiceConfig reloaded, count: 0
06-12 01:37:47.178  5154  5154 D CompatibilityChangeReporter: Compat change id reported: 171979766; UID 10195; state: ENABLED
06-12 01:37:47.179  5154  5154 D CompatibilityChangeReporter: Compat change id reported: 242716250; UID 10195; state: ENABLED
06-12 01:37:47.180  3769  5177 I Finsky:background: [97] Wrote row to frosting DB: 840
06-12 01:37:47.184  3769  3769 I Finsky:background: [2] akaw - Received: android.intent.action.PACKAGE_ADDED, [sMwjbEokT6cpRWl0CA3gIcGHSX6sHZy79ngggle_3Xo]
06-12 01:37:47.186  3769  5177 I Finsky:background: [97] Wrote row to frosting DB: 841
06-12 01:37:47.189  3769  5177 I Finsky:background: [97] Wrote row to frosting DB: 842
06-12 01:37:47.194  5178  5178 I .apps.wellbeing: Using CollectorTypeCC GC.
06-12 01:37:47.195  5178  5178 W .apps.wellbeing: Unexpected CPU variant for x86: x86_64.
06-12 01:37:47.195  5178  5178 W .apps.wellbeing: Known variants: atom, sandybridge, silvermont, goldmont, goldmont-plus, tremont, kabylake, default
06-12 01:37:47.203  5178  5178 E .apps.wellbeing: Not starting debugger since process cannot load the jdwp agent.
06-12 01:37:47.221   579  1727 D CompatibilityChangeReporter: Compat change id reported: 170503758; UID 10195; state: ENABLED
06-12 01:37:47.225   579  1921 I ActivityManager: Flag disabled. Ignoring finishAttachApplication from uid: 1000. pid: 5116
06-12 01:37:47.226  3769  3938 I Finsky:background: [51] IQ:PSL: skipping onPackageRemoved(replacing=true) for untracked package=com.my.forintern
06-12 01:37:47.239  5154  5154 D ApplicationLoaders: Returning zygote-cached class loader: /system_ext/framework/androidx.window.extensions.jar
06-12 01:37:47.239  5154  5154 D ApplicationLoaders: Returning zygote-cached class loader: /system_ext/framework/androidx.window.sidecar.jar
06-12 01:37:47.241  5114  5198 W Finsky  : [46] Failed to get the task info for cold start.
06-12 01:37:47.241  5114  5198 I Finsky  : [46] Process started for unknown session.
06-12 01:37:47.242  5154  5154 W ziparchive: Unable to open '/data/app/~~ccFqzwYxj5W3xcURRO8l4A==/com.my.forintern-6MEHospkHl8rOi3dFtH1yA==/base.dm': No such file or directory
06-12 01:37:47.242  5154  5154 W ziparchive: Unable to open '/data/app/~~ccFqzwYxj5W3xcURRO8l4A==/com.my.forintern-6MEHospkHl8rOi3dFtH1yA==/base.dm': No such file or directory
06-12 01:37:47.246  5114  5198 I Finsky  : [46] Finished reading experiment flags from file [0tGUNCGIkbk4o6-fQ335kUYSKwVj4lusnHT-A5Dsy08] numFlags=2380.
06-12 01:37:47.253  5114  5198 I Finsky  : [46] Finished reading experiment flags from file [Se-xCc4LzNyh3UrKMIU2sUf-PUKz4oQEbpKZDMuaFno] numFlags=2028.
06-12 01:37:47.255   579  1596 D CompatibilityChangeReporter: Compat change id reported: 168419799; UID 10121; state: DISABLED
06-12 01:37:47.255   579  1596 D CompatibilityChangeReporter: Compat change id reported: 273564678; UID 10121; state: DISABLED
06-12 01:37:47.258  3769  5177 I Finsky:background: [97] Wrote row to frosting DB: 843
06-12 01:37:47.263   579   661 D CompatibilityChangeReporter: Compat change id reported: 265195908; UID 10121; state: ENABLED
06-12 01:37:47.278  3769  3769 I Finsky:background: [2] akaw - Received: android.intent.action.PACKAGE_ADDED, [sMwjbEokT6cpRWl0CA3gIcGHSX6sHZy79ngggle_3Xo]
06-12 01:37:47.280   579  1902 D CompatibilityChangeReporter: Compat change id reported: 161145287; UID 10130; state: ENABLED
06-12 01:37:47.284  5178  5178 D CompatibilityChangeReporter: Compat change id reported: 171979766; UID 10121; state: ENABLED
06-12 01:37:47.284  5178  5178 D CompatibilityChangeReporter: Compat change id reported: 242716250; UID 10121; state: ENABLED
06-12 01:37:47.287  3769  5177 I Finsky:background: [97] Wrote row to frosting DB: 844
06-12 01:37:47.312  3769  3769 I Finsky:background: [2] akaw - Deduping intent android.intent.action.PACKAGE_ADDED
06-12 01:37:47.313  3769  3769 I Finsky:background: [2] akaw - Received: android.intent.action.PACKAGE_ADDED, [sMwjbEokT6cpRWl0CA3gIcGHSX6sHZy79ngggle_3Xo]
06-12 01:37:47.320   579  1902 D CompatibilityChangeReporter: Compat change id reported: 170503758; UID 10121; state: ENABLED
06-12 01:37:47.327   821   850 V WindowManagerShell: Transition animation finished (aborted=false), notifying core (#8)android.os.BinderProxy@baf1951@0
06-12 01:37:47.333   821   850 V WindowManagerShell: Track 0 became idle
06-12 01:37:47.333   821   850 V WindowManagerShell: All active transition animations finished
06-12 01:37:47.342  5178  5178 D ApplicationLoaders: Returning zygote-cached class loader: /system_ext/framework/androidx.window.extensions.jar
06-12 01:37:47.342  5178  5178 D ApplicationLoaders: Returning zygote-cached class loader: /system_ext/framework/androidx.window.sidecar.jar
06-12 01:37:47.364  1775  5220 I AppBackupStateCleanupIO: Backup state cleanup on uninstall is disabled. [CONTEXT service_id=229 ]
06-12 01:37:47.375  5114  5114 I Finsky  : [2] Profiling: Starting up (5)
06-12 01:37:47.376  1775  5191 I FraudProtectUtils: (REDACTED) Latest bank app list size: %d, %s isBankApp: %b
06-12 01:37:47.376  1775  5191 I PackageInstalledIntentO: (REDACTED) Package %s is not a bank app. Skipping updates.
06-12 01:37:47.379   579   595 V WindowManager: Finish Transition #8: created at 06-12 01:37:46.746 collect-started=0.053ms request-sent=26.107ms started=52.624ms ready=165.2ms sent=173.272ms finished=581.119ms
06-12 01:37:47.381   821   837 W System  : A resource failed to call release. 
06-12 01:37:47.381   821   837 W System  : A resource failed to call release. 
06-12 01:37:47.382  3769  3769 I Finsky:background: [2] akaw - Deduping intent android.intent.action.PACKAGE_ADDED
06-12 01:37:47.383  3769  3957 I Finsky:background: [60] RECEIVER_PACKAGE_MONITOR_BACKGROUND#logWorkEndAndFinishGoAsync: SUCCESS
06-12 01:37:47.386  5114  5200 I Finsky  : [48] akbg - Registering in memory receiver for android.intent.action.PACKAGE_ADDED and android.intent.action.PACKAGE_REMOVED
06-12 01:37:47.388  3769  5177 I Finsky:background: [97] Wrote row to frosting DB: 845
06-12 01:37:47.389  1328  5084 I ProximityAuth: [RecentAppsMediator] Package added: (user=UserHandle{0}) com.my.forintern
06-12 01:37:47.398   579  1904 I ActivityManager: Flag disabled. Ignoring finishAttachApplication from uid: 10130. pid: 5114
06-12 01:37:47.399  5178  5178 W ziparchive: Unable to open '/data/app/~~nKB1fn7QQBR9iKSjAP6D-g==/com.google.android.apps.wellbeing-bfl1n3bef_Tn9OnNI1fxRQ==/split_config.xxhdpi.dm': No such file or directory
06-12 01:37:47.399  5178  5178 W ziparchive: Unable to open '/data/app/~~nKB1fn7QQBR9iKSjAP6D-g==/com.google.android.apps.wellbeing-bfl1n3bef_Tn9OnNI1fxRQ==/split_config.xxhdpi.dm': No such file or directory
06-12 01:37:47.400  5178  5178 W .apps.wellbeing: Entry not found
06-12 01:37:47.401  5114  5114 I Finsky  : [2] This process start was not selected for Play memory metrics collection.
06-12 01:37:47.403  5178  5178 D nativeloader: Configuring clns-6 for other apk /data/app/~~nKB1fn7QQBR9iKSjAP6D-g==/com.google.android.apps.wellbeing-bfl1n3bef_Tn9OnNI1fxRQ==/base.apk:/data/app/~~nKB1fn7QQBR9iKSjAP6D-g==/com.google.android.apps.wellbeing-bfl1n3bef_Tn9OnNI1fxRQ==/split_config.xxhdpi.apk. target_sdk_version=36, uses_libraries=, library_path=/data/app/~~nKB1fn7QQBR9iKSjAP6D-g==/com.google.android.apps.wellbeing-bfl1n3bef_Tn9OnNI1fxRQ==/lib/x86_64:/data/app/~~nKB1fn7QQBR9iKSjAP6D-g==/com.google.android.apps.wellbeing-bfl1n3bef_Tn9OnNI1fxRQ==/base.apk!/lib/x86_64:/data/app/~~nKB1fn7QQBR9iKSjAP6D-g==/com.google.android.apps.wellbeing-bfl1n3bef_Tn9OnNI1fxRQ==/split_config.xxhdpi.apk!/lib/x86_64, permitted_path=/data:/mnt/expand:/data/user/0/com.google.android.apps.wellbeing
06-12 01:37:47.409  5114  5198 D CompatibilityChangeReporter: Compat change id reported: 183155436; UID 10130; state: ENABLED
06-12 01:37:47.410  5114  5114 I Finsky  : [2] akbg - Received: android.intent.action.PACKAGE_ADDED, [sMwjbEokT6cpRWl0CA3gIcGHSX6sHZy79ngggle_3Xo]
06-12 01:37:47.415  1328  5084 I Fitness : (REDACTED) FitCleanupIntentOperation received Intent %s
06-12 01:37:47.425   821   907 D EGL_emulation: app_time_stats: avg=34863.19ms min=1.02ms max=592233.75ms count=17
06-12 01:37:47.446  5114  5114 I Finsky  : [2] VerifyApps: Setup app restrictions monitor
06-12 01:37:47.448  5178  5178 V GraphicsEnvironment: Currently set values for:
06-12 01:37:47.448  5114  5114 I Finsky  : [2] VerifyApps: Device wide unknown source restriction updated
06-12 01:37:47.451  5114  5114 I Finsky  : [2] VerifyApps: Updating ADI Warn Mode activity enabled state
06-12 01:37:47.452  5178  5178 V GraphicsEnvironment:   angle_gl_driver_selection_pkgs=[]
06-12 01:37:47.452  5178  5178 V GraphicsEnvironment:   angle_gl_driver_selection_values=[]
06-12 01:37:47.452  5114  5229 I Finsky  : [61] VerifyApps: Resolving target for ADI Warn Mode activity
06-12 01:37:47.452  5178  5178 V GraphicsEnvironment: ANGLE GameManagerService for com.google.android.apps.wellbeing: false
06-12 01:37:47.452  5178  5178 V GraphicsEnvironment: com.google.android.apps.wellbeing is not listed in per-application setting
06-12 01:37:47.452  5178  5178 V GraphicsEnvironment: Neither updatable production driver nor prerelease driver is supported.
06-12 01:37:47.452  5114  5229 I Finsky  : [61] VerifyApps: Feature flag disabled, ADI Warn Mode activity target not resolved
06-12 01:37:47.453   579  2731 D CompatibilityChangeReporter: Compat change id reported: 261072174; UID 10130; state: ENABLED
06-12 01:37:47.460  5178  5214 W PrimesLoggerHolder: Primes not initialized, returning default (no-op) Primes instance which will ignore all calls. Please call Primes.initialize(...) before using any Primes API.
06-12 01:37:47.461  5114  5114 W Settings: Setting download_manager_max_bytes_over_mobile has moved from android.provider.Settings.Secure to android.provider.Settings.Global.
06-12 01:37:47.461  5114  5229 I Finsky  : [61] VerifyApps: Successfully updated the ADI Warn Mode activity to disabled
06-12 01:37:47.467  5114  5114 I Finsky  : [2] SettingNotFoundException, fall through to G.downloadBytesOverMobileMaximum
